Archive member included to satisfy reference by file (symbol)

c:/st/stm32cubeide_1.10.1/stm32cubeide/plugins/com.st.stm32cube.ide.mcu.externaltools.gnu-tools-for-stm32.10.3-2021.10.win32_1.0.0.202111181127/tools/bin/../lib/gcc/arm-none-eabi/10.3.1/../../../../arm-none-eabi/lib/thumb/v8-m.main+fp/hard\libc_nano.a(lib_a-errno.o)
                              ./Core/Src/syscalls.o (__errno)
c:/st/stm32cubeide_1.10.1/stm32cubeide/plugins/com.st.stm32cube.ide.mcu.externaltools.gnu-tools-for-stm32.10.3-2021.10.win32_1.0.0.202111181127/tools/bin/../lib/gcc/arm-none-eabi/10.3.1/../../../../arm-none-eabi/lib/thumb/v8-m.main+fp/hard\libc_nano.a(lib_a-exit.o)
                              c:/st/stm32cubeide_1.10.1/stm32cubeide/plugins/com.st.stm32cube.ide.mcu.externaltools.gnu-tools-for-stm32.10.3-2021.10.win32_1.0.0.202111181127/tools/bin/../lib/gcc/arm-none-eabi/10.3.1/../../../../arm-none-eabi/lib/thumb/v8-m.main+fp/hard/crt0.o (exit)
c:/st/stm32cubeide_1.10.1/stm32cubeide/plugins/com.st.stm32cube.ide.mcu.externaltools.gnu-tools-for-stm32.10.3-2021.10.win32_1.0.0.202111181127/tools/bin/../lib/gcc/arm-none-eabi/10.3.1/../../../../arm-none-eabi/lib/thumb/v8-m.main+fp/hard\libc_nano.a(lib_a-impure.o)
                              c:/st/stm32cubeide_1.10.1/stm32cubeide/plugins/com.st.stm32cube.ide.mcu.externaltools.gnu-tools-for-stm32.10.3-2021.10.win32_1.0.0.202111181127/tools/bin/../lib/gcc/arm-none-eabi/10.3.1/../../../../arm-none-eabi/lib/thumb/v8-m.main+fp/hard\libc_nano.a(lib_a-exit.o) (_global_impure_ptr)
c:/st/stm32cubeide_1.10.1/stm32cubeide/plugins/com.st.stm32cube.ide.mcu.externaltools.gnu-tools-for-stm32.10.3-2021.10.win32_1.0.0.202111181127/tools/bin/../lib/gcc/arm-none-eabi/10.3.1/../../../../arm-none-eabi/lib/thumb/v8-m.main+fp/hard\libc_nano.a(lib_a-init.o)
                              c:/st/stm32cubeide_1.10.1/stm32cubeide/plugins/com.st.stm32cube.ide.mcu.externaltools.gnu-tools-for-stm32.10.3-2021.10.win32_1.0.0.202111181127/tools/bin/../lib/gcc/arm-none-eabi/10.3.1/../../../../arm-none-eabi/lib/thumb/v8-m.main+fp/hard/crt0.o (__libc_init_array)
c:/st/stm32cubeide_1.10.1/stm32cubeide/plugins/com.st.stm32cube.ide.mcu.externaltools.gnu-tools-for-stm32.10.3-2021.10.win32_1.0.0.202111181127/tools/bin/../lib/gcc/arm-none-eabi/10.3.1/../../../../arm-none-eabi/lib/thumb/v8-m.main+fp/hard\libc_nano.a(lib_a-memset.o)
                              c:/st/stm32cubeide_1.10.1/stm32cubeide/plugins/com.st.stm32cube.ide.mcu.externaltools.gnu-tools-for-stm32.10.3-2021.10.win32_1.0.0.202111181127/tools/bin/../lib/gcc/arm-none-eabi/10.3.1/../../../../arm-none-eabi/lib/thumb/v8-m.main+fp/hard/crt0.o (memset)
c:/st/stm32cubeide_1.10.1/stm32cubeide/plugins/com.st.stm32cube.ide.mcu.externaltools.gnu-tools-for-stm32.10.3-2021.10.win32_1.0.0.202111181127/tools/bin/../lib/gcc/arm-none-eabi/10.3.1/thumb/v8-m.main+fp/hard\libgcc.a(_aeabi_uldivmod.o)
                              ./Drivers/STM32L5xx_HAL_Driver/Src/stm32l5xx_hal_uart.o (__aeabi_uldivmod)
c:/st/stm32cubeide_1.10.1/stm32cubeide/plugins/com.st.stm32cube.ide.mcu.externaltools.gnu-tools-for-stm32.10.3-2021.10.win32_1.0.0.202111181127/tools/bin/../lib/gcc/arm-none-eabi/10.3.1/thumb/v8-m.main+fp/hard\libgcc.a(_udivmoddi4.o)
                              c:/st/stm32cubeide_1.10.1/stm32cubeide/plugins/com.st.stm32cube.ide.mcu.externaltools.gnu-tools-for-stm32.10.3-2021.10.win32_1.0.0.202111181127/tools/bin/../lib/gcc/arm-none-eabi/10.3.1/thumb/v8-m.main+fp/hard\libgcc.a(_aeabi_uldivmod.o) (__udivmoddi4)
c:/st/stm32cubeide_1.10.1/stm32cubeide/plugins/com.st.stm32cube.ide.mcu.externaltools.gnu-tools-for-stm32.10.3-2021.10.win32_1.0.0.202111181127/tools/bin/../lib/gcc/arm-none-eabi/10.3.1/thumb/v8-m.main+fp/hard\libgcc.a(_dvmd_tls.o)
                              c:/st/stm32cubeide_1.10.1/stm32cubeide/plugins/com.st.stm32cube.ide.mcu.externaltools.gnu-tools-for-stm32.10.3-2021.10.win32_1.0.0.202111181127/tools/bin/../lib/gcc/arm-none-eabi/10.3.1/thumb/v8-m.main+fp/hard\libgcc.a(_aeabi_uldivmod.o) (__aeabi_ldiv0)

Discarded input sections

 .text          0x0000000000000000        0x0 c:/st/stm32cubeide_1.10.1/stm32cubeide/plugins/com.st.stm32cube.ide.mcu.externaltools.gnu-tools-for-stm32.10.3-2021.10.win32_1.0.0.202111181127/tools/bin/../lib/gcc/arm-none-eabi/10.3.1/thumb/v8-m.main+fp/hard/crti.o
 .data          0x0000000000000000        0x0 c:/st/stm32cubeide_1.10.1/stm32cubeide/plugins/com.st.stm32cube.ide.mcu.externaltools.gnu-tools-for-stm32.10.3-2021.10.win32_1.0.0.202111181127/tools/bin/../lib/gcc/arm-none-eabi/10.3.1/thumb/v8-m.main+fp/hard/crti.o
 .bss           0x0000000000000000        0x0 c:/st/stm32cubeide_1.10.1/stm32cubeide/plugins/com.st.stm32cube.ide.mcu.externaltools.gnu-tools-for-stm32.10.3-2021.10.win32_1.0.0.202111181127/tools/bin/../lib/gcc/arm-none-eabi/10.3.1/thumb/v8-m.main+fp/hard/crti.o
[...]
Memory Configuration

Name             Origin             Length             Attributes
RAM              0x0000000020000000 0x0000000000030000 xrw
FLASH            0x0000000008000000 0x0000000000080000 xr
*default*        0x0000000000000000 0xffffffffffffffff

Linker script and memory map

LOAD c:/st/stm32cubeide_1.10.1/stm32cubeide/plugins/com.st.stm32cube.ide.mcu.externaltools.gnu-tools-for-stm32.10.3-2021.10.win32_1.0.0.202111181127/tools/bin/../lib/gcc/arm-none-eabi/10.3.1/thumb/v8-m.main+fp/hard/crti.o
LOAD c:/st/stm32cubeide_1.10.1/stm32cubeide/plugins/com.st.stm32cube.ide.mcu.externaltools.gnu-tools-for-stm32.10.3-2021.10.win32_1.0.0.202111181127/tools/bin/../lib/gcc/arm-none-eabi/10.3.1/thumb/v8-m.main+fp/hard/crtbegin.o
LOAD c:/st/stm32cubeide_1.10.1/stm32cubeide/plugins/com.st.stm32cube.ide.mcu.externaltools.gnu-tools-for-stm32.10.3-2021.10.win32_1.0.0.202111181127/tools/bin/../lib/gcc/arm-none-eabi/10.3.1/../../../../arm-none-eabi/lib/thumb/v8-m.main+fp/hard/crt0.o
LOAD ./Core/Src/adc.o
LOAD ./Core/Src/dfsdm.o
LOAD ./Core/Src/fmc.o
LOAD ./Core/Src/gpio.o
LOAD ./Core/Src/i2c.o
LOAD ./Core/Src/main.o
LOAD ./Core/Src/octospi.o
LOAD ./Core/Src/sai.o
LOAD ./Core/Src/spi.o
LOAD ./Core/Src/stm32l5xx_hal_msp.o
LOAD ./Core/Src/stm32l5xx_it.o
LOAD ./Core/Src/syscalls.o
LOAD ./Core/Src/sysmem.o
LOAD ./Core/Src/system_stm32l5xx.o
LOAD ./Core/Src/tim.o
LOAD ./Core/Src/ucpd.o
LOAD ./Core/Src/usart.o
LOAD ./Core/Src/usb.o
LOAD ./Core/Startup/startup_stm32l562qeixq.o
LOAD ./Drivers/STM32L5xx_HAL_Driver/Src/stm32l5xx_hal.o
LOAD ./Drivers/STM32L5xx_HAL_Driver/Src/stm32l5xx_hal_adc.o
LOAD ./Drivers/STM32L5xx_HAL_Driver/Src/stm32l5xx_hal_adc_ex.o
LOAD ./Drivers/STM32L5xx_HAL_Driver/Src/stm32l5xx_hal_cortex.o
LOAD ./Drivers/STM32L5xx_HAL_Driver/Src/stm32l5xx_hal_dfsdm.o
LOAD ./Drivers/STM32L5xx_HAL_Driver/Src/stm32l5xx_hal_dfsdm_ex.o
LOAD ./Drivers/STM32L5xx_HAL_Driver/Src/stm32l5xx_hal_dma.o
LOAD ./Drivers/STM32L5xx_HAL_Driver/Src/stm32l5xx_hal_dma_ex.o
LOAD ./Drivers/STM32L5xx_HAL_Driver/Src/stm32l5xx_hal_exti.o
LOAD ./Drivers/STM32L5xx_HAL_Driver/Src/stm32l5xx_hal_flash.o
LOAD ./Drivers/STM32L5xx_HAL_Driver/Src/stm32l5xx_hal_flash_ex.o
LOAD ./Drivers/STM32L5xx_HAL_Driver/Src/stm32l5xx_hal_flash_ramfunc.o
LOAD ./Drivers/STM32L5xx_HAL_Driver/Src/stm32l5xx_hal_gpio.o
LOAD ./Drivers/STM32L5xx_HAL_Driver/Src/stm32l5xx_hal_i2c.o
LOAD ./Drivers/STM32L5xx_HAL_Driver/Src/stm32l5xx_hal_i2c_ex.o
LOAD ./Drivers/STM32L5xx_HAL_Driver/Src/stm32l5xx_hal_icache.o
LOAD ./Drivers/STM32L5xx_HAL_Driver/Src/stm32l5xx_hal_ospi.o
LOAD ./Drivers/STM32L5xx_HAL_Driver/Src/stm32l5xx_hal_pcd.o
LOAD ./Drivers/STM32L5xx_HAL_Driver/Src/stm32l5xx_hal_pcd_ex.o
LOAD ./Drivers/STM32L5xx_HAL_Driver/Src/stm32l5xx_hal_pwr.o
LOAD ./Drivers/STM32L5xx_HAL_Driver/Src/stm32l5xx_hal_pwr_ex.o
LOAD ./Drivers/STM32L5xx_HAL_Driver/Src/stm32l5xx_hal_rcc.o
LOAD ./Drivers/STM32L5xx_HAL_Driver/Src/stm32l5xx_hal_rcc_ex.o
LOAD ./Drivers/STM32L5xx_HAL_Driver/Src/stm32l5xx_hal_sai.o
LOAD ./Drivers/STM32L5xx_HAL_Driver/Src/stm32l5xx_hal_sai_ex.o
LOAD ./Drivers/STM32L5xx_HAL_Driver/Src/stm32l5xx_hal_spi.o
LOAD ./Drivers/STM32L5xx_HAL_Driver/Src/stm32l5xx_hal_spi_ex.o
LOAD ./Drivers/STM32L5xx_HAL_Driver/Src/stm32l5xx_hal_sram.o
LOAD ./Drivers/STM32L5xx_HAL_Driver/Src/stm32l5xx_hal_tim.o
LOAD ./Drivers/STM32L5xx_HAL_Driver/Src/stm32l5xx_hal_tim_ex.o
LOAD ./Drivers/STM32L5xx_HAL_Driver/Src/stm32l5xx_hal_uart.o
LOAD ./Drivers/STM32L5xx_HAL_Driver/Src/stm32l5xx_hal_uart_ex.o
LOAD ./Drivers/STM32L5xx_HAL_Driver/Src/stm32l5xx_ll_dma.o
LOAD ./Drivers/STM32L5xx_HAL_Driver/Src/stm32l5xx_ll_exti.o
LOAD ./Drivers/STM32L5xx_HAL_Driver/Src/stm32l5xx_ll_fmc.o
LOAD ./Drivers/STM32L5xx_HAL_Driver/Src/stm32l5xx_ll_gpio.o
LOAD ./Drivers/STM32L5xx_HAL_Driver/Src/stm32l5xx_ll_ucpd.o
LOAD ./Drivers/STM32L5xx_HAL_Driver/Src/stm32l5xx_ll_usb.o
LOAD ./Drivers/STM32L5xx_HAL_Driver/Src/stm32l5xx_ll_utils.o
LOAD ./LIB_LED/lib_led.o
START GROUP
LOAD c:/st/stm32cubeide_1.10.1/stm32cubeide/plugins/com.st.stm32cube.ide.mcu.externaltools.gnu-tools-for-stm32.10.3-2021.10.win32_1.0.0.202111181127/tools/bin/../lib/gcc/arm-none-eabi/10.3.1/../../../../arm-none-eabi/lib/thumb/v8-m.main+fp/hard\libc_nano.a
LOAD c:/st/stm32cubeide_1.10.1/stm32cubeide/plugins/com.st.stm32cube.ide.mcu.externaltools.gnu-tools-for-stm32.10.3-2021.10.win32_1.0.0.202111181127/tools/bin/../lib/gcc/arm-none-eabi/10.3.1/../../../../arm-none-eabi/lib/thumb/v8-m.main+fp/hard\libm.a
END GROUP
START GROUP
LOAD c:/st/stm32cubeide_1.10.1/stm32cubeide/plugins/com.st.stm32cube.ide.mcu.externaltools.gnu-tools-for-stm32.10.3-2021.10.win32_1.0.0.202111181127/tools/bin/../lib/gcc/arm-none-eabi/10.3.1/thumb/v8-m.main+fp/hard\libgcc.a
LOAD c:/st/stm32cubeide_1.10.1/stm32cubeide/plugins/com.st.stm32cube.ide.mcu.externaltools.gnu-tools-for-stm32.10.3-2021.10.win32_1.0.0.202111181127/tools/bin/../lib/gcc/arm-none-eabi/10.3.1/../../../../arm-none-eabi/lib/thumb/v8-m.main+fp/hard\libc_nano.a
END GROUP
START GROUP
LOAD c:/st/stm32cubeide_1.10.1/stm32cubeide/plugins/com.st.stm32cube.ide.mcu.externaltools.gnu-tools-for-stm32.10.3-2021.10.win32_1.0.0.202111181127/tools/bin/../lib/gcc/arm-none-eabi/10.3.1/thumb/v8-m.main+fp/hard\libgcc.a
LOAD c:/st/stm32cubeide_1.10.1/stm32cubeide/plugins/com.st.stm32cube.ide.mcu.externaltools.gnu-tools-for-stm32.10.3-2021.10.win32_1.0.0.202111181127/tools/bin/../lib/gcc/arm-none-eabi/10.3.1/../../../../arm-none-eabi/lib/thumb/v8-m.main+fp/hard\libc_nano.a
LOAD c:/st/stm32cubeide_1.10.1/stm32cubeide/plugins/com.st.stm32cube.ide.mcu.externaltools.gnu-tools-for-stm32.10.3-2021.10.win32_1.0.0.202111181127/tools/bin/../lib/gcc/arm-none-eabi/10.3.1/../../../../arm-none-eabi/lib/thumb/v8-m.main+fp/hard\libnosys.a
END GROUP
START GROUP
LOAD c:/st/stm32cubeide_1.10.1/stm32cubeide/plugins/com.st.stm32cube.ide.mcu.externaltools.gnu-tools-for-stm32.10.3-2021.10.win32_1.0.0.202111181127/tools/bin/../lib/gcc/arm-none-eabi/10.3.1/thumb/v8-m.main+fp/hard\libgcc.a
LOAD c:/st/stm32cubeide_1.10.1/stm32cubeide/plugins/com.st.stm32cube.ide.mcu.externaltools.gnu-tools-for-stm32.10.3-2021.10.win32_1.0.0.202111181127/tools/bin/../lib/gcc/arm-none-eabi/10.3.1/../../../../arm-none-eabi/lib/thumb/v8-m.main+fp/hard\libc_nano.a
LOAD c:/st/stm32cubeide_1.10.1/stm32cubeide/plugins/com.st.stm32cube.ide.mcu.externaltools.gnu-tools-for-stm32.10.3-2021.10.win32_1.0.0.202111181127/tools/bin/../lib/gcc/arm-none-eabi/10.3.1/../../../../arm-none-eabi/lib/thumb/v8-m.main+fp/hard\libnosys.a
END GROUP
LOAD c:/st/stm32cubeide_1.10.1/stm32cubeide/plugins/com.st.stm32cube.ide.mcu.externaltools.gnu-tools-for-stm32.10.3-2021.10.win32_1.0.0.202111181127/tools/bin/../lib/gcc/arm-none-eabi/10.3.1/thumb/v8-m.main+fp/hard/crtend.o
LOAD c:/st/stm32cubeide_1.10.1/stm32cubeide/plugins/com.st.stm32cube.ide.mcu.externaltools.gnu-tools-for-stm32.10.3-2021.10.win32_1.0.0.202111181127/tools/bin/../lib/gcc/arm-none-eabi/10.3.1/thumb/v8-m.main+fp/hard/crtn.o
                0x0000000020030000                _estack = (ORIGIN (RAM) + LENGTH (RAM))
                0x0000000000000200                _Min_Heap_Size = 0x200
                0x0000000000000400                _Min_Stack_Size = 0x400

.isr_vector     0x0000000008000000      0x1f4
                0x0000000008000000                . = ALIGN (0x4)
 *(.isr_vector)
 .isr_vector    0x0000000008000000      0x1f4 ./Core/Startup/startup_stm32l562qeixq.o
                0x0000000008000000                g_pfnVectors
                0x00000000080001f4                . = ALIGN (0x4)

.text           0x00000000080001f4     0x97a0
                0x00000000080001f4                . = ALIGN (0x4)
 *(.text)
 .text          0x00000000080001f4       0x40 c:/st/stm32cubeide_1.10.1/stm32cubeide/plugins/com.st.stm32cube.ide.mcu.externaltools.gnu-tools-for-stm32.10.3-2021.10.win32_1.0.0.202111181127/tools/bin/../lib/gcc/arm-none-eabi/10.3.1/thumb/v8-m.main+fp/hard/crtbegin.o
 .text          0x0000000008000234       0x30 c:/st/stm32cubeide_1.10.1/stm32cubeide/plugins/com.st.stm32cube.ide.mcu.externaltools.gnu-tools-for-stm32.10.3-2021.10.win32_1.0.0.202111181127/tools/bin/../lib/gcc/arm-none-eabi/10.3.1/thumb/v8-m.main+fp/hard\libgcc.a(_aeabi_uldivmod.o)
                0x0000000008000234                __aeabi_uldivmod
 .text          0x0000000008000264      0x2ec c:/st/stm32cubeide_1.10.1/stm32cubeide/plugins/com.st.stm32cube.ide.mcu.externaltools.gnu-tools-for-stm32.10.3-2021.10.win32_1.0.0.202111181127/tools/bin/../lib/gcc/arm-none-eabi/10.3.1/thumb/v8-m.main+fp/hard\libgcc.a(_udivmoddi4.o)
                0x0000000008000264                __udivmoddi4
 .text          0x0000000008000550        0x4 c:/st/stm32cubeide_1.10.1/stm32cubeide/plugins/com.st.stm32cube.ide.mcu.externaltools.gnu-tools-for-stm32.10.3-2021.10.win32_1.0.0.202111181127/tools/bin/../lib/gcc/arm-none-eabi/10.3.1/thumb/v8-m.main+fp/hard\libgcc.a(_dvmd_tls.o)
                0x0000000008000550                __aeabi_idiv0
                0x0000000008000550                __aeabi_ldiv0
 *(.text*)
 .text.MX_ADC1_Init
                0x0000000008000554       0xec ./Core/Src/adc.o
                0x0000000008000554                MX_ADC1_Init
 .text.HAL_ADC_MspInit
                0x0000000008000640       0x80 ./Core/Src/adc.o
                0x0000000008000640                HAL_ADC_MspInit
 .text.MX_DFSDM1_Init
                0x00000000080006c0      0x140 ./Core/Src/dfsdm.o
                0x00000000080006c0                MX_DFSDM1_Init
 .text.HAL_DFSDM_ChannelMspInit
                0x0000000008000800      0x114 ./Core/Src/dfsdm.o
                0x0000000008000800                HAL_DFSDM_ChannelMspInit
 .text.MX_FMC_Init
                0x0000000008000914       0xd4 ./Core/Src/fmc.o
                0x0000000008000914                MX_FMC_Init
 .text.HAL_FMC_MspInit
                0x00000000080009e8       0xb8 ./Core/Src/fmc.o
 .text.HAL_SRAM_MspInit
                0x0000000008000aa0       0x14 ./Core/Src/fmc.o
                0x0000000008000aa0                HAL_SRAM_MspInit
 .text.MX_GPIO_Init
                0x0000000008000ab4      0x29c ./Core/Src/gpio.o
                0x0000000008000ab4                MX_GPIO_Init
 .text.MX_I2C1_Init
                0x0000000008000d50       0x80 ./Core/Src/i2c.o
                0x0000000008000d50                MX_I2C1_Init
 .text.HAL_I2C_MspInit
                0x0000000008000dd0       0xbc ./Core/Src/i2c.o
                0x0000000008000dd0                HAL_I2C_MspInit
 .text.main     0x0000000008000e8c       0x60 ./Core/Src/main.o
                0x0000000008000e8c                main
 .text.SystemClock_Config
                0x0000000008000eec       0xd0 ./Core/Src/main.o
                0x0000000008000eec                SystemClock_Config
 .text.PeriphCommonClock_Config
                0x0000000008000fbc       0x60 ./Core/Src/main.o
                0x0000000008000fbc                PeriphCommonClock_Config
 .text.Error_Handler
                0x000000000800101c        0xa ./Core/Src/main.o
                0x000000000800101c                Error_Handler
 *fill*         0x0000000008001026        0x2 
 .text.MX_OCTOSPI1_Init
                0x0000000008001028       0x7c ./Core/Src/octospi.o
                0x0000000008001028                MX_OCTOSPI1_Init
 .text.HAL_OSPI_MspInit
                0x00000000080010a4      0x178 ./Core/Src/octospi.o
                0x00000000080010a4                HAL_OSPI_MspInit
 .text.MX_SAI1_Init
                0x000000000800121c      0x138 ./Core/Src/sai.o
                0x000000000800121c                MX_SAI1_Init
 .text.HAL_SAI_MspInit
                0x0000000008001354       0xcc ./Core/Src/sai.o
                0x0000000008001354                HAL_SAI_MspInit
 .text.MX_SPI1_Init
                0x0000000008001420       0x78 ./Core/Src/spi.o
                0x0000000008001420                MX_SPI1_Init
 .text.HAL_SPI_MspInit
                0x0000000008001498       0x8c ./Core/Src/spi.o
                0x0000000008001498                HAL_SPI_MspInit
 .text.HAL_MspInit
                0x0000000008001524       0x48 ./Core/Src/stm32l5xx_hal_msp.o
                0x0000000008001524                HAL_MspInit
 .text.NMI_Handler
                0x000000000800156c        0x6 ./Core/Src/stm32l5xx_it.o
                0x000000000800156c                NMI_Handler
 .text.HardFault_Handler
                0x0000000008001572        0x6 ./Core/Src/stm32l5xx_it.o
                0x0000000008001572                HardFault_Handler
 .text.MemManage_Handler
                0x0000000008001578        0x6 ./Core/Src/stm32l5xx_it.o
                0x0000000008001578                MemManage_Handler
 .text.BusFault_Handler
                0x000000000800157e        0x6 ./Core/Src/stm32l5xx_it.o
                0x000000000800157e                BusFault_Handler
 .text.UsageFault_Handler
                0x0000000008001584        0x6 ./Core/Src/stm32l5xx_it.o
                0x0000000008001584                UsageFault_Handler
 .text.SVC_Handler
                0x000000000800158a        0xe ./Core/Src/stm32l5xx_it.o
                0x000000000800158a                SVC_Handler
 .text.DebugMon_Handler
                0x0000000008001598        0xe ./Core/Src/stm32l5xx_it.o
                0x0000000008001598                DebugMon_Handler
 .text.PendSV_Handler
                0x00000000080015a6        0xe ./Core/Src/stm32l5xx_it.o
                0x00000000080015a6                PendSV_Handler
 .text.SysTick_Handler
                0x00000000080015b4        0xc ./Core/Src/stm32l5xx_it.o
                0x00000000080015b4                SysTick_Handler
 .text.TIM4_IRQHandler
                0x00000000080015c0       0x14 ./Core/Src/stm32l5xx_it.o
                0x00000000080015c0                TIM4_IRQHandler
 .text.SystemInit
                0x00000000080015d4       0x24 ./Core/Src/system_stm32l5xx.o
                0x00000000080015d4                SystemInit
 .text.SystemCoreClockUpdate
                0x00000000080015f8      0x15c ./Core/Src/system_stm32l5xx.o
                0x00000000080015f8                SystemCoreClockUpdate
 .text.MX_TIM4_Init
                0x0000000008001754       0xf0 ./Core/Src/tim.o
                0x0000000008001754                MX_TIM4_Init
 .text.MX_TIM16_Init
                0x0000000008001844       0x4c ./Core/Src/tim.o
                0x0000000008001844                MX_TIM16_Init
 .text.MX_TIM17_Init
                0x0000000008001890       0xf4 ./Core/Src/tim.o
                0x0000000008001890                MX_TIM17_Init
 .text.HAL_TIM_Base_MspInit
                0x0000000008001984       0x9c ./Core/Src/tim.o
                0x0000000008001984                HAL_TIM_Base_MspInit
 .text.HAL_TIM_MspPostInit
                0x0000000008001a20       0xbc ./Core/Src/tim.o
                0x0000000008001a20                HAL_TIM_MspPostInit
 .text.LL_AHB2_GRP1_EnableClock
                0x0000000008001adc       0x30 ./Core/Src/ucpd.o
 .text.LL_APB1_GRP2_EnableClock
                0x0000000008001b0c       0x30 ./Core/Src/ucpd.o
 .text.MX_UCPD1_Init
                0x0000000008001b3c       0x6c ./Core/Src/ucpd.o
                0x0000000008001b3c                MX_UCPD1_Init
 .text.MX_LPUART1_UART_Init
                0x0000000008001ba8       0x9c ./Core/Src/usart.o
                0x0000000008001ba8                MX_LPUART1_UART_Init
 .text.MX_USART1_UART_Init
                0x0000000008001c44       0x98 ./Core/Src/usart.o
                0x0000000008001c44                MX_USART1_UART_Init
 .text.HAL_UART_MspInit
                0x0000000008001cdc      0x148 ./Core/Src/usart.o
                0x0000000008001cdc                HAL_UART_MspInit
 .text.MX_USB_PCD_Init
                0x0000000008001e24       0x50 ./Core/Src/usb.o
                0x0000000008001e24                MX_USB_PCD_Init
 .text.HAL_PCD_MspInit
                0x0000000008001e74       0xc4 ./Core/Src/usb.o
                0x0000000008001e74                HAL_PCD_MspInit
 .text.Reset_Handler
                0x0000000008001f38       0x50 ./Core/Startup/startup_stm32l562qeixq.o
                0x0000000008001f38                Reset_Handler
 .text.Default_Handler
                0x0000000008001f88        0x2 ./Core/Startup/startup_stm32l562qeixq.o
                0x0000000008001f88                EXTI2_IRQHandler
                0x0000000008001f88                TIM8_TRG_COM_IRQHandler
                0x0000000008001f88                TIM8_CC_IRQHandler
                0x0000000008001f88                EXTI5_IRQHandler
                0x0000000008001f88                FLASH_S_IRQHandler
                0x0000000008001f88                EXTI13_IRQHandler
                0x0000000008001f88                TIM1_CC_IRQHandler
                0x0000000008001f88                TSC_IRQHandler
                0x0000000008001f88                TAMP_IRQHandler
                0x0000000008001f88                TIM6_IRQHandler
                0x0000000008001f88                EXTI12_IRQHandler
                0x0000000008001f88                DMA2_Channel8_IRQHandler
                0x0000000008001f88                EXTI3_IRQHandler
                0x0000000008001f88                EXTI8_IRQHandler
                0x0000000008001f88                LPTIM2_IRQHandler
                0x0000000008001f88                DFSDM1_FLT1_IRQHandler
                0x0000000008001f88                USB_FS_IRQHandler
                0x0000000008001f88                I2C3_ER_IRQHandler
                0x0000000008001f88                DFSDM1_FLT2_IRQHandler
                0x0000000008001f88                DMAMUX1_IRQHandler
                0x0000000008001f88                LPTIM3_IRQHandler
                0x0000000008001f88                EXTI0_IRQHandler
                0x0000000008001f88                I2C2_EV_IRQHandler
                0x0000000008001f88                FPU_IRQHandler
                0x0000000008001f88                FDCAN1_IT1_IRQHandler
                0x0000000008001f88                ADC1_2_IRQHandler
                0x0000000008001f88                SPI1_IRQHandler
                0x0000000008001f88                OCTOSPI1_IRQHandler
                0x0000000008001f88                TIM8_UP_IRQHandler
                0x0000000008001f88                RCC_S_IRQHandler
                0x0000000008001f88                DMA2_Channel2_IRQHandler
                0x0000000008001f88                DMA1_Channel4_IRQHandler
                0x0000000008001f88                SAI2_IRQHandler
                0x0000000008001f88                DFSDM1_FLT3_IRQHandler
                0x0000000008001f88                PKA_IRQHandler
                0x0000000008001f88                EXTI15_IRQHandler
                0x0000000008001f88                TIM17_IRQHandler
                0x0000000008001f88                USART3_IRQHandler
                0x0000000008001f88                RTC_IRQHandler
                0x0000000008001f88                EXTI9_IRQHandler
                0x0000000008001f88                DMA1_Channel7_IRQHandler
                0x0000000008001f88                UART5_IRQHandler
                0x0000000008001f88                DMA2_Channel1_IRQHandler
                0x0000000008001f88                I2C1_EV_IRQHandler
                0x0000000008001f88                DMA1_Channel6_IRQHandler
                0x0000000008001f88                TIM16_IRQHandler
                0x0000000008001f88                UART4_IRQHandler
                0x0000000008001f88                DMA2_Channel4_IRQHandler
                0x0000000008001f88                SecureFault_Handler
                0x0000000008001f88                TIM3_IRQHandler
                0x0000000008001f88                RCC_IRQHandler
                0x0000000008001f88                TIM1_TRG_COM_IRQHandler
                0x0000000008001f88                DMA1_Channel1_IRQHandler
                0x0000000008001f88                Default_Handler
                0x0000000008001f88                DMA2_Channel7_IRQHandler
                0x0000000008001f88                OTFDEC1_IRQHandler
                0x0000000008001f88                DMA1_Channel8_IRQHandler
                0x0000000008001f88                TIM7_IRQHandler
                0x0000000008001f88                SDMMC1_IRQHandler
                0x0000000008001f88                TIM5_IRQHandler
                0x0000000008001f88                UCPD1_IRQHandler
                0x0000000008001f88                TIM15_IRQHandler
                0x0000000008001f88                I2C3_EV_IRQHandler
                0x0000000008001f88                PVD_PVM_IRQHandler
                0x0000000008001f88                SPI2_IRQHandler
                0x0000000008001f88                EXTI14_IRQHandler
                0x0000000008001f88                EXTI11_IRQHandler
                0x0000000008001f88                DMA2_Channel5_IRQHandler
                0x0000000008001f88                CRS_IRQHandler
                0x0000000008001f88                DMA1_Channel5_IRQHandler
                0x0000000008001f88                EXTI4_IRQHandler
                0x0000000008001f88                RTC_S_IRQHandler
                0x0000000008001f88                RNG_IRQHandler
                0x0000000008001f88                DMAMUX1_S_IRQHandler
                0x0000000008001f88                DMA1_Channel3_IRQHandler
                0x0000000008001f88                COMP_IRQHandler
                0x0000000008001f88                TIM1_UP_IRQHandler
                0x0000000008001f88                WWDG_IRQHandler
                0x0000000008001f88                I2C4_EV_IRQHandler
                0x0000000008001f88                LPUART1_IRQHandler
                0x0000000008001f88                DMA2_Channel6_IRQHandler
                0x0000000008001f88                FDCAN1_IT0_IRQHandler
                0x0000000008001f88                TIM2_IRQHandler
                0x0000000008001f88                TAMP_S_IRQHandler
                0x0000000008001f88                EXTI7_IRQHandler
                0x0000000008001f88                TIM1_BRK_IRQHandler
                0x0000000008001f88                DAC_IRQHandler
                0x0000000008001f88                EXTI1_IRQHandler
                0x0000000008001f88                AES_IRQHandler
                0x0000000008001f88                GTZC_IRQHandler
                0x0000000008001f88                USART2_IRQHandler
                0x0000000008001f88                DFSDM1_FLT0_IRQHandler
                0x0000000008001f88                I2C2_ER_IRQHandler
                0x0000000008001f88                DMA1_Channel2_IRQHandler
                0x0000000008001f88                TIM8_BRK_IRQHandler
                0x0000000008001f88                FLASH_IRQHandler
                0x0000000008001f88                USART1_IRQHandler
                0x0000000008001f88                EXTI10_IRQHandler
                0x0000000008001f88                SPI3_IRQHandler
                0x0000000008001f88                I2C1_ER_IRQHandler
                0x0000000008001f88                FMC_IRQHandler
                0x0000000008001f88                EXTI6_IRQHandler
                0x0000000008001f88                LPTIM1_IRQHandler
                0x0000000008001f88                I2C4_ER_IRQHandler
                0x0000000008001f88                ICACHE_IRQHandler
                0x0000000008001f88                SAI1_IRQHandler
                0x0000000008001f88                HASH_IRQHandler
                0x0000000008001f88                DMA2_Channel3_IRQHandler
 .text.HAL_Init
                0x0000000008001f8a       0x34 ./Drivers/STM32L5xx_HAL_Driver/Src/stm32l5xx_hal.o
                0x0000000008001f8a                HAL_Init
 *fill*         0x0000000008001fbe        0x2 
 .text.HAL_InitTick
                0x0000000008001fc0       0x78 ./Drivers/STM32L5xx_HAL_Driver/Src/stm32l5xx_hal.o
                0x0000000008001fc0                HAL_InitTick
 .text.HAL_IncTick
                0x0000000008002038       0x28 ./Drivers/STM32L5xx_HAL_Driver/Src/stm32l5xx_hal.o
                0x0000000008002038                HAL_IncTick
 .text.HAL_GetTick
                0x0000000008002060       0x18 ./Drivers/STM32L5xx_HAL_Driver/Src/stm32l5xx_hal.o
                0x0000000008002060                HAL_GetTick
 .text.LL_ADC_SetCommonClock
                0x0000000008002078       0x26 ./Drivers/STM32L5xx_HAL_Driver/Src/stm32l5xx_hal_adc.o
 .text.LL_ADC_SetCommonPathInternalCh
                0x000000000800209e       0x26 ./Drivers/STM32L5xx_HAL_Driver/Src/stm32l5xx_hal_adc.o
 .text.LL_ADC_GetCommonPathInternalCh
                0x00000000080020c4       0x1c ./Drivers/STM32L5xx_HAL_Driver/Src/stm32l5xx_hal_adc.o
 .text.LL_ADC_SetOffset
                0x00000000080020e0       0x48 ./Drivers/STM32L5xx_HAL_Driver/Src/stm32l5xx_hal_adc.o
 .text.LL_ADC_GetOffsetChannel
                0x0000000008002128       0x2c ./Drivers/STM32L5xx_HAL_Driver/Src/stm32l5xx_hal_adc.o
 .text.LL_ADC_SetOffsetState
                0x0000000008002154       0x36 ./Drivers/STM32L5xx_HAL_Driver/Src/stm32l5xx_hal_adc.o
 .text.LL_ADC_SetSamplingTimeCommonConfig
                0x000000000800218a       0x26 ./Drivers/STM32L5xx_HAL_Driver/Src/stm32l5xx_hal_adc.o
 .text.LL_ADC_REG_SetSequencerRanks
                0x00000000080021b0       0x58 ./Drivers/STM32L5xx_HAL_Driver/Src/stm32l5xx_hal_adc.o
 .text.LL_ADC_SetChannelSamplingTime
                0x0000000008002208       0x56 ./Drivers/STM32L5xx_HAL_Driver/Src/stm32l5xx_hal_adc.o
 *fill*         0x000000000800225e        0x2 
 .text.LL_ADC_SetChannelSingleDiff
                0x0000000008002260       0x48 ./Drivers/STM32L5xx_HAL_Driver/Src/stm32l5xx_hal_adc.o
 .text.LL_ADC_DisableDeepPowerDown
                0x00000000080022a8       0x24 ./Drivers/STM32L5xx_HAL_Driver/Src/stm32l5xx_hal_adc.o
 .text.LL_ADC_IsDeepPowerDownEnabled
                0x00000000080022cc       0x28 ./Drivers/STM32L5xx_HAL_Driver/Src/stm32l5xx_hal_adc.o
 .text.LL_ADC_EnableInternalRegulator
                0x00000000080022f4       0x28 ./Drivers/STM32L5xx_HAL_Driver/Src/stm32l5xx_hal_adc.o
 .text.LL_ADC_IsInternalRegulatorEnabled
                0x000000000800231c       0x28 ./Drivers/STM32L5xx_HAL_Driver/Src/stm32l5xx_hal_adc.o
 .text.LL_ADC_IsEnabled
                0x0000000008002344       0x26 ./Drivers/STM32L5xx_HAL_Driver/Src/stm32l5xx_hal_adc.o
 .text.LL_ADC_REG_IsConversionOngoing
                0x000000000800236a       0x26 ./Drivers/STM32L5xx_HAL_Driver/Src/stm32l5xx_hal_adc.o
 .text.LL_ADC_INJ_IsConversionOngoing
                0x0000000008002390       0x26 ./Drivers/STM32L5xx_HAL_Driver/Src/stm32l5xx_hal_adc.o
 *fill*         0x00000000080023b6        0x2 
 .text.HAL_ADC_Init
                0x00000000080023b8      0x2a4 ./Drivers/STM32L5xx_HAL_Driver/Src/stm32l5xx_hal_adc.o
                0x00000000080023b8                HAL_ADC_Init
 .text.HAL_ADC_ConfigChannel
                0x000000000800265c      0x7d4 ./Drivers/STM32L5xx_HAL_Driver/Src/stm32l5xx_hal_adc.o
                0x000000000800265c                HAL_ADC_ConfigChannel
 .text.LL_ADC_IsEnabled
                0x0000000008002e30       0x26 ./Drivers/STM32L5xx_HAL_Driver/Src/stm32l5xx_hal_adc_ex.o
 .text.LL_ADC_REG_IsConversionOngoing
                0x0000000008002e56       0x26 ./Drivers/STM32L5xx_HAL_Driver/Src/stm32l5xx_hal_adc_ex.o
 .text.HAL_ADCEx_MultiModeConfigChannel
                0x0000000008002e7c      0x148 ./Drivers/STM32L5xx_HAL_Driver/Src/stm32l5xx_hal_adc_ex.o
                0x0000000008002e7c                HAL_ADCEx_MultiModeConfigChannel
 .text.__NVIC_SetPriorityGrouping
                0x0000000008002fc4       0x48 ./Drivers/STM32L5xx_HAL_Driver/Src/stm32l5xx_hal_cortex.o
 .text.__NVIC_GetPriorityGrouping
                0x000000000800300c       0x1c ./Drivers/STM32L5xx_HAL_Driver/Src/stm32l5xx_hal_cortex.o
 .text.__NVIC_EnableIRQ
                0x0000000008003028       0x3c ./Drivers/STM32L5xx_HAL_Driver/Src/stm32l5xx_hal_cortex.o
 .text.__NVIC_SetPriority
                0x0000000008003064       0x54 ./Drivers/STM32L5xx_HAL_Driver/Src/stm32l5xx_hal_cortex.o
 .text.NVIC_EncodePriority
                0x00000000080030b8       0x66 ./Drivers/STM32L5xx_HAL_Driver/Src/stm32l5xx_hal_cortex.o
 *fill*         0x000000000800311e        0x2 
 .text.SysTick_Config
                0x0000000008003120       0x44 ./Drivers/STM32L5xx_HAL_Driver/Src/stm32l5xx_hal_cortex.o
 .text.HAL_NVIC_SetPriorityGrouping
                0x0000000008003164       0x16 ./Drivers/STM32L5xx_HAL_Driver/Src/stm32l5xx_hal_cortex.o
                0x0000000008003164                HAL_NVIC_SetPriorityGrouping
 .text.HAL_NVIC_SetPriority
                0x000000000800317a       0x34 ./Drivers/STM32L5xx_HAL_Driver/Src/stm32l5xx_hal_cortex.o
                0x000000000800317a                HAL_NVIC_SetPriority
 .text.HAL_NVIC_EnableIRQ
                0x00000000080031ae       0x1c ./Drivers/STM32L5xx_HAL_Driver/Src/stm32l5xx_hal_cortex.o
                0x00000000080031ae                HAL_NVIC_EnableIRQ
 .text.HAL_SYSTICK_Config
                0x00000000080031ca       0x18 ./Drivers/STM32L5xx_HAL_Driver/Src/stm32l5xx_hal_cortex.o
                0x00000000080031ca                HAL_SYSTICK_Config
 *fill*         0x00000000080031e2        0x2 
 .text.HAL_DFSDM_ChannelInit
                0x00000000080031e4      0x180 ./Drivers/STM32L5xx_HAL_Driver/Src/stm32l5xx_hal_dfsdm.o
                0x00000000080031e4                HAL_DFSDM_ChannelInit
 .text.DFSDM_GetChannelFromInstance
                0x0000000008003364       0x50 ./Drivers/STM32L5xx_HAL_Driver/Src/stm32l5xx_hal_dfsdm.o
 .text.HAL_GPIO_Init
                0x00000000080033b4      0x300 ./Drivers/STM32L5xx_HAL_Driver/Src/stm32l5xx_hal_gpio.o
                0x00000000080033b4                HAL_GPIO_Init
 .text.HAL_GPIO_WritePin
                0x00000000080036b4       0x30 ./Drivers/STM32L5xx_HAL_Driver/Src/stm32l5xx_hal_gpio.o
                0x00000000080036b4                HAL_GPIO_WritePin
 .text.HAL_I2C_Init
                0x00000000080036e4      0x11e ./Drivers/STM32L5xx_HAL_Driver/Src/stm32l5xx_hal_i2c.o
                0x00000000080036e4                HAL_I2C_Init
 .text.HAL_I2CEx_ConfigAnalogFilter
                0x0000000008003802       0x96 ./Drivers/STM32L5xx_HAL_Driver/Src/stm32l5xx_hal_i2c_ex.o
                0x0000000008003802                HAL_I2CEx_ConfigAnalogFilter
 .text.HAL_I2CEx_ConfigDigitalFilter
                0x0000000008003898       0x98 ./Drivers/STM32L5xx_HAL_Driver/Src/stm32l5xx_hal_i2c_ex.o
                0x0000000008003898                HAL_I2CEx_ConfigDigitalFilter
 .text.HAL_OSPI_Init
                0x0000000008003930      0x174 ./Drivers/STM32L5xx_HAL_Driver/Src/stm32l5xx_hal_ospi.o
                0x0000000008003930                HAL_OSPI_Init
 .text.HAL_OSPI_SetTimeout
                0x0000000008003aa4       0x1e ./Drivers/STM32L5xx_HAL_Driver/Src/stm32l5xx_hal_ospi.o
                0x0000000008003aa4                HAL_OSPI_SetTimeout
 .text.OSPI_WaitFlagStateUntilTimeout
                0x0000000008003ac2       0x6e ./Drivers/STM32L5xx_HAL_Driver/Src/stm32l5xx_hal_ospi.o
 .text.HAL_PCD_Init
                0x0000000008003b30      0x1ca ./Drivers/STM32L5xx_HAL_Driver/Src/stm32l5xx_hal_pcd.o
                0x0000000008003b30                HAL_PCD_Init
 .text.HAL_PCDEx_ActivateLPM
                0x0000000008003cfa       0x54 ./Drivers/STM32L5xx_HAL_Driver/Src/stm32l5xx_hal_pcd_ex.o
                0x0000000008003cfa                HAL_PCDEx_ActivateLPM
 *fill*         0x0000000008003d4e        0x2 
 .text.HAL_PWR_EnableBkUpAccess
                0x0000000008003d50       0x20 ./Drivers/STM32L5xx_HAL_Driver/Src/stm32l5xx_hal_pwr.o
                0x0000000008003d50                HAL_PWR_EnableBkUpAccess
 .text.HAL_PWREx_GetVoltageRange
                0x0000000008003d70       0x1c ./Drivers/STM32L5xx_HAL_Driver/Src/stm32l5xx_hal_pwr_ex.o
                0x0000000008003d70                HAL_PWREx_GetVoltageRange
 .text.HAL_PWREx_ControlVoltageScaling
                0x0000000008003d8c       0xb8 ./Drivers/STM32L5xx_HAL_Driver/Src/stm32l5xx_hal_pwr_ex.o
                0x0000000008003d8c                HAL_PWREx_ControlVoltageScaling
 .text.HAL_PWREx_EnableVddIO2
                0x0000000008003e44       0x20 ./Drivers/STM32L5xx_HAL_Driver/Src/stm32l5xx_hal_pwr_ex.o
                0x0000000008003e44                HAL_PWREx_EnableVddIO2
 .text.HAL_PWREx_SMPS_GetEffectiveMode
                0x0000000008003e64       0x48 ./Drivers/STM32L5xx_HAL_Driver/Src/stm32l5xx_hal_pwr_ex.o
                0x0000000008003e64                HAL_PWREx_SMPS_GetEffectiveMode
 .text.HAL_RCC_OscConfig
                0x0000000008003eac      0x9c4 ./Drivers/STM32L5xx_HAL_Driver/Src/stm32l5xx_hal_rcc.o
                0x0000000008003eac                HAL_RCC_OscConfig
 .text.HAL_RCC_ClockConfig
                0x0000000008004870      0x250 ./Drivers/STM32L5xx_HAL_Driver/Src/stm32l5xx_hal_rcc.o
                0x0000000008004870                HAL_RCC_ClockConfig
 .text.HAL_RCC_GetSysClockFreq
                0x0000000008004ac0      0x13c ./Drivers/STM32L5xx_HAL_Driver/Src/stm32l5xx_hal_rcc.o
                0x0000000008004ac0                HAL_RCC_GetSysClockFreq
 .text.HAL_RCC_GetHCLKFreq
                0x0000000008004bfc       0x28 ./Drivers/STM32L5xx_HAL_Driver/Src/stm32l5xx_hal_rcc.o
                0x0000000008004bfc                HAL_RCC_GetHCLKFreq
 .text.HAL_RCC_GetPCLK1Freq
                0x0000000008004c24       0x28 ./Drivers/STM32L5xx_HAL_Driver/Src/stm32l5xx_hal_rcc.o
                0x0000000008004c24                HAL_RCC_GetPCLK1Freq
 .text.HAL_RCC_GetPCLK2Freq
                0x0000000008004c4c       0x28 ./Drivers/STM32L5xx_HAL_Driver/Src/stm32l5xx_hal_rcc.o
                0x0000000008004c4c                HAL_RCC_GetPCLK2Freq
 .text.RCC_SetFlashLatencyFromMSIRange
                0x0000000008004c74       0xc8 ./Drivers/STM32L5xx_HAL_Driver/Src/stm32l5xx_hal_rcc.o
 .text.RCC_GetSysClockFreqFromPLLSource
                0x0000000008004d3c       0xf4 ./Drivers/STM32L5xx_HAL_Driver/Src/stm32l5xx_hal_rcc.o
 .text.HAL_RCCEx_PeriphCLKConfig
                0x0000000008004e30      0x708 ./Drivers/STM32L5xx_HAL_Driver/Src/stm32l5xx_hal_rcc_ex.o
                0x0000000008004e30                HAL_RCCEx_PeriphCLKConfig
 .text.HAL_RCCEx_GetPeriphCLKFreq
                0x0000000008005538      0xf44 ./Drivers/STM32L5xx_HAL_Driver/Src/stm32l5xx_hal_rcc_ex.o
                0x0000000008005538                HAL_RCCEx_GetPeriphCLKFreq
 .text.HAL_RCCEx_EnableMSIPLLMode
                0x000000000800647c       0x20 ./Drivers/STM32L5xx_HAL_Driver/Src/stm32l5xx_hal_rcc_ex.o
                0x000000000800647c                HAL_RCCEx_EnableMSIPLLMode
 .text.RCCEx_PLLSAI1_Config
                0x000000000800649c      0x1cc ./Drivers/STM32L5xx_HAL_Driver/Src/stm32l5xx_hal_rcc_ex.o
 .text.RCCEx_PLLSAI2_Config
                0x0000000008006668      0x158 ./Drivers/STM32L5xx_HAL_Driver/Src/stm32l5xx_hal_rcc_ex.o
 .text.RCCEx_PLLSAI1_GetVCOFreq
                0x00000000080067c0       0xb4 ./Drivers/STM32L5xx_HAL_Driver/Src/stm32l5xx_hal_rcc_ex.o
 .text.RCCEx_PLLSAI2_GetVCOFreq
                0x0000000008006874       0xb4 ./Drivers/STM32L5xx_HAL_Driver/Src/stm32l5xx_hal_rcc_ex.o
 .text.RCCEx_GetSAIxPeriphCLKFreq
                0x0000000008006928      0x200 ./Drivers/STM32L5xx_HAL_Driver/Src/stm32l5xx_hal_rcc_ex.o
 .text.HAL_SAI_Init
                0x0000000008006b28      0x3e0 ./Drivers/STM32L5xx_HAL_Driver/Src/stm32l5xx_hal_sai.o
                0x0000000008006b28                HAL_SAI_Init
 .text.SAI_Disable
                0x0000000008006f08       0x74 ./Drivers/STM32L5xx_HAL_Driver/Src/stm32l5xx_hal_sai.o
 .text.HAL_SPI_Init
                0x0000000008006f7c      0x146 ./Drivers/STM32L5xx_HAL_Driver/Src/stm32l5xx_hal_spi.o
                0x0000000008006f7c                HAL_SPI_Init
 .text.HAL_SRAM_Init
                0x00000000080070c2       0x90 ./Drivers/STM32L5xx_HAL_Driver/Src/stm32l5xx_hal_sram.o
                0x00000000080070c2                HAL_SRAM_Init
 .text.HAL_TIM_Base_Init
                0x0000000008007152       0xae ./Drivers/STM32L5xx_HAL_Driver/Src/stm32l5xx_hal_tim.o
                0x0000000008007152                HAL_TIM_Base_Init
 .text.HAL_TIM_Base_Start_IT
                0x0000000008007200       0xe0 ./Drivers/STM32L5xx_HAL_Driver/Src/stm32l5xx_hal_tim.o
                0x0000000008007200                HAL_TIM_Base_Start_IT
 .text.HAL_TIM_OC_Init
                0x00000000080072e0       0xae ./Drivers/STM32L5xx_HAL_Driver/Src/stm32l5xx_hal_tim.o
                0x00000000080072e0                HAL_TIM_OC_Init
 .text.HAL_TIM_OC_MspInit
                0x000000000800738e       0x14 ./Drivers/STM32L5xx_HAL_Driver/Src/stm32l5xx_hal_tim.o
                0x000000000800738e                HAL_TIM_OC_MspInit
 .text.HAL_TIM_PWM_Init
                0x00000000080073a2       0xae ./Drivers/STM32L5xx_HAL_Driver/Src/stm32l5xx_hal_tim.o
                0x00000000080073a2                HAL_TIM_PWM_Init
 .text.HAL_TIM_PWM_MspInit
                0x0000000008007450       0x14 ./Drivers/STM32L5xx_HAL_Driver/Src/stm32l5xx_hal_tim.o
                0x0000000008007450                HAL_TIM_PWM_MspInit
 .text.HAL_TIM_IRQHandler
                0x0000000008007464      0x23e ./Drivers/STM32L5xx_HAL_Driver/Src/stm32l5xx_hal_tim.o
                0x0000000008007464                HAL_TIM_IRQHandler
 *fill*         0x00000000080076a2        0x2 
 .text.HAL_TIM_OC_ConfigChannel
                0x00000000080076a4       0xec ./Drivers/STM32L5xx_HAL_Driver/Src/stm32l5xx_hal_tim.o
                0x00000000080076a4                HAL_TIM_OC_ConfigChannel
 .text.HAL_TIM_PWM_ConfigChannel
                0x0000000008007790      0x220 ./Drivers/STM32L5xx_HAL_Driver/Src/stm32l5xx_hal_tim.o
                0x0000000008007790                HAL_TIM_PWM_ConfigChannel
 .text.HAL_TIM_ConfigClockSource
                0x00000000080079b0      0x18c ./Drivers/STM32L5xx_HAL_Driver/Src/stm32l5xx_hal_tim.o
                0x00000000080079b0                HAL_TIM_ConfigClockSource
 .text.HAL_TIM_OC_DelayElapsedCallback
                0x0000000008007b3c       0x14 ./Drivers/STM32L5xx_HAL_Driver/Src/stm32l5xx_hal_tim.o
                0x0000000008007b3c                HAL_TIM_OC_DelayElapsedCallback
 .text.HAL_TIM_IC_CaptureCallback
                0x0000000008007b50       0x14 ./Drivers/STM32L5xx_HAL_Driver/Src/stm32l5xx_hal_tim.o
                0x0000000008007b50                HAL_TIM_IC_CaptureCallback
 .text.HAL_TIM_PWM_PulseFinishedCallback
                0x0000000008007b64       0x14 ./Drivers/STM32L5xx_HAL_Driver/Src/stm32l5xx_hal_tim.o
                0x0000000008007b64                HAL_TIM_PWM_PulseFinishedCallback
 .text.HAL_TIM_TriggerCallback
                0x0000000008007b78       0x14 ./Drivers/STM32L5xx_HAL_Driver/Src/stm32l5xx_hal_tim.o
                0x0000000008007b78                HAL_TIM_TriggerCallback
 .text.TIM_Base_SetConfig
                0x0000000008007b8c      0x134 ./Drivers/STM32L5xx_HAL_Driver/Src/stm32l5xx_hal_tim.o
                0x0000000008007b8c                TIM_Base_SetConfig
 .text.TIM_OC1_SetConfig
                0x0000000008007cc0      0x120 ./Drivers/STM32L5xx_HAL_Driver/Src/stm32l5xx_hal_tim.o
 .text.TIM_OC2_SetConfig
                0x0000000008007de0      0x114 ./Drivers/STM32L5xx_HAL_Driver/Src/stm32l5xx_hal_tim.o
                0x0000000008007de0                TIM_OC2_SetConfig
 .text.TIM_OC3_SetConfig
                0x0000000008007ef4      0x110 ./Drivers/STM32L5xx_HAL_Driver/Src/stm32l5xx_hal_tim.o
 .text.TIM_OC4_SetConfig
                0x0000000008008004       0xd4 ./Drivers/STM32L5xx_HAL_Driver/Src/stm32l5xx_hal_tim.o
 .text.TIM_OC5_SetConfig
                0x00000000080080d8       0xc8 ./Drivers/STM32L5xx_HAL_Driver/Src/stm32l5xx_hal_tim.o
 .text.TIM_OC6_SetConfig
                0x00000000080081a0       0xcc ./Drivers/STM32L5xx_HAL_Driver/Src/stm32l5xx_hal_tim.o
 .text.TIM_TI1_ConfigInputStage
                0x000000000800826c       0x5e ./Drivers/STM32L5xx_HAL_Driver/Src/stm32l5xx_hal_tim.o
 .text.TIM_TI2_ConfigInputStage
                0x00000000080082ca       0x60 ./Drivers/STM32L5xx_HAL_Driver/Src/stm32l5xx_hal_tim.o
 .text.TIM_ITRx_SetConfig
                0x000000000800832a       0x3a ./Drivers/STM32L5xx_HAL_Driver/Src/stm32l5xx_hal_tim.o
 .text.TIM_ETR_SetConfig
                0x0000000008008364       0x40 ./Drivers/STM32L5xx_HAL_Driver/Src/stm32l5xx_hal_tim.o
                0x0000000008008364                TIM_ETR_SetConfig
 .text.HAL_TIMEx_MasterConfigSynchronization
                0x00000000080083a4      0x110 ./Drivers/STM32L5xx_HAL_Driver/Src/stm32l5xx_hal_tim_ex.o
                0x00000000080083a4                HAL_TIMEx_MasterConfigSynchronization
 .text.HAL_TIMEx_ConfigBreakDeadTime
                0x00000000080084b4      0x140 ./Drivers/STM32L5xx_HAL_Driver/Src/stm32l5xx_hal_tim_ex.o
                0x00000000080084b4                HAL_TIMEx_ConfigBreakDeadTime
 .text.HAL_TIMEx_CommutCallback
                0x00000000080085f4       0x14 ./Drivers/STM32L5xx_HAL_Driver/Src/stm32l5xx_hal_tim_ex.o
                0x00000000080085f4                HAL_TIMEx_CommutCallback
 .text.HAL_TIMEx_BreakCallback
                0x0000000008008608       0x14 ./Drivers/STM32L5xx_HAL_Driver/Src/stm32l5xx_hal_tim_ex.o
                0x0000000008008608                HAL_TIMEx_BreakCallback
 .text.HAL_TIMEx_Break2Callback
                0x000000000800861c       0x14 ./Drivers/STM32L5xx_HAL_Driver/Src/stm32l5xx_hal_tim_ex.o
                0x000000000800861c                HAL_TIMEx_Break2Callback
 .text.HAL_UART_Init
                0x0000000008008630       0xa0 ./Drivers/STM32L5xx_HAL_Driver/Src/stm32l5xx_hal_uart.o
                0x0000000008008630                HAL_UART_Init
 .text.UART_SetConfig
                0x00000000080086d0      0x600 ./Drivers/STM32L5xx_HAL_Driver/Src/stm32l5xx_hal_uart.o
                0x00000000080086d0                UART_SetConfig
 .text.UART_AdvFeatureConfig
                0x0000000008008cd0      0x144 ./Drivers/STM32L5xx_HAL_Driver/Src/stm32l5xx_hal_uart.o
                0x0000000008008cd0                UART_AdvFeatureConfig
 .text.UART_CheckIdleState
                0x0000000008008e14       0x96 ./Drivers/STM32L5xx_HAL_Driver/Src/stm32l5xx_hal_uart.o
                0x0000000008008e14                UART_CheckIdleState
 .text.UART_WaitOnFlagUntilTimeout
                0x0000000008008eaa      0x100 ./Drivers/STM32L5xx_HAL_Driver/Src/stm32l5xx_hal_uart.o
                0x0000000008008eaa                UART_WaitOnFlagUntilTimeout
 .text.HAL_UARTEx_DisableFifoMode
                0x0000000008008faa       0x72 ./Drivers/STM32L5xx_HAL_Driver/Src/stm32l5xx_hal_uart_ex.o
                0x0000000008008faa                HAL_UARTEx_DisableFifoMode
 .text.HAL_UARTEx_SetTxFifoThreshold
                0x000000000800901c       0x7c ./Drivers/STM32L5xx_HAL_Driver/Src/stm32l5xx_hal_uart_ex.o
                0x000000000800901c                HAL_UARTEx_SetTxFifoThreshold
 .text.HAL_UARTEx_SetRxFifoThreshold
                0x0000000008009098       0x7c ./Drivers/STM32L5xx_HAL_Driver/Src/stm32l5xx_hal_uart_ex.o
                0x0000000008009098                HAL_UARTEx_SetRxFifoThreshold
 .text.UARTEx_SetNbDataToProcess
                0x0000000008009114       0x9c ./Drivers/STM32L5xx_HAL_Driver/Src/stm32l5xx_hal_uart_ex.o
 .text.FMC_NORSRAM_Init
                0x00000000080091b0      0x1a0 ./Drivers/STM32L5xx_HAL_Driver/Src/stm32l5xx_ll_fmc.o
                0x00000000080091b0                FMC_NORSRAM_Init
 .text.FMC_NORSRAM_Timing_Init
                0x0000000008009350       0xa4 ./Drivers/STM32L5xx_HAL_Driver/Src/stm32l5xx_ll_fmc.o
                0x0000000008009350                FMC_NORSRAM_Timing_Init
 .text.FMC_NORSRAM_Extended_Timing_Init
                0x00000000080093f4       0x74 ./Drivers/STM32L5xx_HAL_Driver/Src/stm32l5xx_ll_fmc.o
                0x00000000080093f4                FMC_NORSRAM_Extended_Timing_Init
 .text.LL_GPIO_SetPinMode
                0x0000000008009468       0x7a ./Drivers/STM32L5xx_HAL_Driver/Src/stm32l5xx_ll_gpio.o
 .text.LL_GPIO_SetPinOutputType
                0x00000000080094e2       0x30 ./Drivers/STM32L5xx_HAL_Driver/Src/stm32l5xx_ll_gpio.o
 .text.LL_GPIO_SetPinSpeed
                0x0000000008009512       0x7a ./Drivers/STM32L5xx_HAL_Driver/Src/stm32l5xx_ll_gpio.o
 .text.LL_GPIO_SetPinPull
                0x000000000800958c       0x7a ./Drivers/STM32L5xx_HAL_Driver/Src/stm32l5xx_ll_gpio.o
 .text.LL_GPIO_SetAFPin_0_7
                0x0000000008009606       0x7a ./Drivers/STM32L5xx_HAL_Driver/Src/stm32l5xx_ll_gpio.o
 .text.LL_GPIO_SetAFPin_8_15
                0x0000000008009680       0x7e ./Drivers/STM32L5xx_HAL_Driver/Src/stm32l5xx_ll_gpio.o
 .text.LL_GPIO_Init
                0x00000000080096fe       0xda ./Drivers/STM32L5xx_HAL_Driver/Src/stm32l5xx_ll_gpio.o
                0x00000000080096fe                LL_GPIO_Init
 .text.USB_DisableGlobalInt
                0x00000000080097d8       0x36 ./Drivers/STM32L5xx_HAL_Driver/Src/stm32l5xx_ll_usb.o
                0x00000000080097d8                USB_DisableGlobalInt
 .text.USB_DevInit
                0x000000000800980e       0x42 ./Drivers/STM32L5xx_HAL_Driver/Src/stm32l5xx_ll_usb.o
                0x000000000800980e                USB_DevInit
 .text.HAL_TIM_PeriodElapsedCallback
                0x0000000008009850       0xd4 ./LIB_LED/lib_led.o
                0x0000000008009850                HAL_TIM_PeriodElapsedCallback
 .text.__libc_init_array
                0x0000000008009924       0x48 c:/st/stm32cubeide_1.10.1/stm32cubeide/plugins/com.st.stm32cube.ide.mcu.externaltools.gnu-tools-for-stm32.10.3-2021.10.win32_1.0.0.202111181127/tools/bin/../lib/gcc/arm-none-eabi/10.3.1/../../../../arm-none-eabi/lib/thumb/v8-m.main+fp/hard\libc_nano.a(lib_a-init.o)
                0x0000000008009924                __libc_init_array
 .text.memset   0x000000000800996c       0x10 c:/st/stm32cubeide_1.10.1/stm32cubeide/plugins/com.st.stm32cube.ide.mcu.externaltools.gnu-tools-for-stm32.10.3-2021.10.win32_1.0.0.202111181127/tools/bin/../lib/gcc/arm-none-eabi/10.3.1/../../../../arm-none-eabi/lib/thumb/v8-m.main+fp/hard\libc_nano.a(lib_a-memset.o)
                0x000000000800996c                memset
 *(.glue_7)
 .glue_7        0x000000000800997c        0x0 linker stubs
 *(.glue_7t)
 .glue_7t       0x000000000800997c        0x0 linker stubs
 *(.eh_frame)
 .eh_frame      0x000000000800997c        0x0 c:/st/stm32cubeide_1.10.1/stm32cubeide/plugins/com.st.stm32cube.ide.mcu.externaltools.gnu-tools-for-stm32.10.3-2021.10.win32_1.0.0.202111181127/tools/bin/../lib/gcc/arm-none-eabi/10.3.1/thumb/v8-m.main+fp/hard/crtbegin.o
 *(.init)
 .init          0x000000000800997c        0x4 c:/st/stm32cubeide_1.10.1/stm32cubeide/plugins/com.st.stm32cube.ide.mcu.externaltools.gnu-tools-for-stm32.10.3-2021.10.win32_1.0.0.202111181127/tools/bin/../lib/gcc/arm-none-eabi/10.3.1/thumb/v8-m.main+fp/hard/crti.o
                0x000000000800997c                _init
 .init          0x0000000008009980        0x8 c:/st/stm32cubeide_1.10.1/stm32cubeide/plugins/com.st.stm32cube.ide.mcu.externaltools.gnu-tools-for-stm32.10.3-2021.10.win32_1.0.0.202111181127/tools/bin/../lib/gcc/arm-none-eabi/10.3.1/thumb/v8-m.main+fp/hard/crtn.o
 *(.fini)
 .fini          0x0000000008009988        0x4 c:/st/stm32cubeide_1.10.1/stm32cubeide/plugins/com.st.stm32cube.ide.mcu.externaltools.gnu-tools-for-stm32.10.3-2021.10.win32_1.0.0.202111181127/tools/bin/../lib/gcc/arm-none-eabi/10.3.1/thumb/v8-m.main+fp/hard/crti.o
                0x0000000008009988                _fini
 .fini          0x000000000800998c        0x8 c:/st/stm32cubeide_1.10.1/stm32cubeide/plugins/com.st.stm32cube.ide.mcu.externaltools.gnu-tools-for-stm32.10.3-2021.10.win32_1.0.0.202111181127/tools/bin/../lib/gcc/arm-none-eabi/10.3.1/thumb/v8-m.main+fp/hard/crtn.o
                0x0000000008009994                . = ALIGN (0x4)
                0x0000000008009994                _etext = .

.vfp11_veneer   0x0000000008009994        0x0
 .vfp11_veneer  0x0000000008009994        0x0 linker stubs

.v4_bx          0x0000000008009994        0x0
 .v4_bx         0x0000000008009994        0x0 linker stubs

.iplt           0x0000000008009994        0x0
 .iplt          0x0000000008009994        0x0 c:/st/stm32cubeide_1.10.1/stm32cubeide/plugins/com.st.stm32cube.ide.mcu.externaltools.gnu-tools-for-stm32.10.3-2021.10.win32_1.0.0.202111181127/tools/bin/../lib/gcc/arm-none-eabi/10.3.1/thumb/v8-m.main+fp/hard/crtbegin.o

.rodata         0x0000000008009994       0x80
                0x0000000008009994                . = ALIGN (0x4)
 *(.rodata)
 *(.rodata*)
 .rodata.AHBPrescTable
                0x0000000008009994       0x10 ./Core/Src/system_stm32l5xx.o
                0x0000000008009994                AHBPrescTable
 .rodata.APBPrescTable
                0x00000000080099a4        0x8 ./Core/Src/system_stm32l5xx.o
                0x00000000080099a4                APBPrescTable
 .rodata.MSIRangeTable
                0x00000000080099ac       0x40 ./Core/Src/system_stm32l5xx.o
                0x00000000080099ac                MSIRangeTable
 .rodata.UARTPrescTable
                0x00000000080099ec       0x18 ./Drivers/STM32L5xx_HAL_Driver/Src/stm32l5xx_hal_uart.o
                0x00000000080099ec                UARTPrescTable
 .rodata.numerator.1
                0x0000000008009a04        0x8 ./Drivers/STM32L5xx_HAL_Driver/Src/stm32l5xx_hal_uart_ex.o
 .rodata.denominator.0
                0x0000000008009a0c        0x8 ./Drivers/STM32L5xx_HAL_Driver/Src/stm32l5xx_hal_uart_ex.o
                0x0000000008009a14                . = ALIGN (0x4)

.ARM.extab      0x0000000008009a14        0x0
                0x0000000008009a14                . = ALIGN (0x4)
 *(.ARM.extab* .gnu.linkonce.armextab.*)
                0x0000000008009a14                . = ALIGN (0x4)

.ARM            0x0000000008009a14        0x8
                0x0000000008009a14                . = ALIGN (0x4)
                0x0000000008009a14                __exidx_start = .
 *(.ARM.exidx*)
 .ARM.exidx     0x0000000008009a14        0x8 c:/st/stm32cubeide_1.10.1/stm32cubeide/plugins/com.st.stm32cube.ide.mcu.externaltools.gnu-tools-for-stm32.10.3-2021.10.win32_1.0.0.202111181127/tools/bin/../lib/gcc/arm-none-eabi/10.3.1/thumb/v8-m.main+fp/hard\libgcc.a(_udivmoddi4.o)
                0x0000000008009a1c                __exidx_end = .
                0x0000000008009a1c                . = ALIGN (0x4)

.rel.dyn        0x0000000008009a1c        0x0
 .rel.iplt      0x0000000008009a1c        0x0 c:/st/stm32cubeide_1.10.1/stm32cubeide/plugins/com.st.stm32cube.ide.mcu.externaltools.gnu-tools-for-stm32.10.3-2021.10.win32_1.0.0.202111181127/tools/bin/../lib/gcc/arm-none-eabi/10.3.1/thumb/v8-m.main+fp/hard/crtbegin.o

.preinit_array  0x0000000008009a1c        0x0
                0x0000000008009a1c                . = ALIGN (0x4)
                0x0000000008009a1c                PROVIDE (__preinit_array_start = .)
 *(.preinit_array*)
                0x0000000008009a1c                PROVIDE (__preinit_array_end = .)
                0x0000000008009a1c                . = ALIGN (0x4)

.init_array     0x0000000008009a1c        0x4
                0x0000000008009a1c                . = ALIGN (0x4)
                0x0000000008009a1c                PROVIDE (__init_array_start = .)
 *(SORT_BY_NAME(.init_array.*))
 *(.init_array*)
 .init_array    0x0000000008009a1c        0x4 c:/st/stm32cubeide_1.10.1/stm32cubeide/plugins/com.st.stm32cube.ide.mcu.externaltools.gnu-tools-for-stm32.10.3-2021.10.win32_1.0.0.202111181127/tools/bin/../lib/gcc/arm-none-eabi/10.3.1/thumb/v8-m.main+fp/hard/crtbegin.o
                0x0000000008009a20                PROVIDE (__init_array_end = .)
                0x0000000008009a20                . = ALIGN (0x4)

.fini_array     0x0000000008009a20        0x4
                0x0000000008009a20                . = ALIGN (0x4)
                [!provide]                        PROVIDE (__fini_array_start = .)
 *(SORT_BY_NAME(.fini_array.*))
 *(.fini_array*)
 .fini_array    0x0000000008009a20        0x4 c:/st/stm32cubeide_1.10.1/stm32cubeide/plugins/com.st.stm32cube.ide.mcu.externaltools.gnu-tools-for-stm32.10.3-2021.10.win32_1.0.0.202111181127/tools/bin/../lib/gcc/arm-none-eabi/10.3.1/thumb/v8-m.main+fp/hard/crtbegin.o
                [!provide]                        PROVIDE (__fini_array_end = .)
                0x0000000008009a24                . = ALIGN (0x4)
                0x0000000008009a24                _sidata = LOADADDR (.data)

.data           0x0000000020000000        0xc load address 0x0000000008009a24
                0x0000000020000000                . = ALIGN (0x4)
                0x0000000020000000                _sdata = .
 *(.data)
 *(.data*)
 .data.SystemCoreClock
                0x0000000020000000        0x4 ./Core/Src/system_stm32l5xx.o
                0x0000000020000000                SystemCoreClock
 .data.uwTickPrio
                0x0000000020000004        0x4 ./Drivers/STM32L5xx_HAL_Driver/Src/stm32l5xx_hal.o
                0x0000000020000004                uwTickPrio
 .data.uwTickFreq
                0x0000000020000008        0x1 ./Drivers/STM32L5xx_HAL_Driver/Src/stm32l5xx_hal.o
                0x0000000020000008                uwTickFreq
 *(.RamFunc)
 *(.RamFunc*)
                0x000000002000000c                . = ALIGN (0x4)
 *fill*         0x0000000020000009        0x3 
                0x000000002000000c                _edata = .

.igot.plt       0x000000002000000c        0x0 load address 0x0000000008009a30
 .igot.plt      0x000000002000000c        0x0 c:/st/stm32cubeide_1.10.1/stm32cubeide/plugins/com.st.stm32cube.ide.mcu.externaltools.gnu-tools-for-stm32.10.3-2021.10.win32_1.0.0.202111181127/tools/bin/../lib/gcc/arm-none-eabi/10.3.1/thumb/v8-m.main+fp/hard/crtbegin.o
                0x000000002000000c                . = ALIGN (0x4)

.bss            0x000000002000000c      0x8dc load address 0x0000000008009a30
                0x000000002000000c                _sbss = .
                0x000000002000000c                __bss_start__ = _sbss
 *(.bss)
 .bss           0x000000002000000c       0x1c c:/st/stm32cubeide_1.10.1/stm32cubeide/plugins/com.st.stm32cube.ide.mcu.externaltools.gnu-tools-for-stm32.10.3-2021.10.win32_1.0.0.202111181127/tools/bin/../lib/gcc/arm-none-eabi/10.3.1/thumb/v8-m.main+fp/hard/crtbegin.o
 *(.bss*)
 .bss.hadc1     0x0000000020000028       0x68 ./Core/Src/adc.o
                0x0000000020000028                hadc1
 .bss.hdfsdm1_channel0
                0x0000000020000090       0x38 ./Core/Src/dfsdm.o
                0x0000000020000090                hdfsdm1_channel0
 .bss.hdfsdm1_channel1
                0x00000000200000c8       0x38 ./Core/Src/dfsdm.o
                0x00000000200000c8                hdfsdm1_channel1
 .bss.hdfsdm1_channel2
                0x0000000020000100       0x38 ./Core/Src/dfsdm.o
                0x0000000020000100                hdfsdm1_channel2
 .bss.DFSDM1_Init
                0x0000000020000138        0x4 ./Core/Src/dfsdm.o
 .bss.hsram1    0x000000002000013c       0x58 ./Core/Src/fmc.o
                0x000000002000013c                hsram1
 .bss.FMC_Initialized
                0x0000000020000194        0x4 ./Core/Src/fmc.o
 .bss.hi2c1     0x0000000020000198       0x4c ./Core/Src/i2c.o
                0x0000000020000198                hi2c1
 .bss.hospi1    0x00000000200001e4       0x58 ./Core/Src/octospi.o
                0x00000000200001e4                hospi1
 .bss.hsai_BlockA1
                0x000000002000023c       0x98 ./Core/Src/sai.o
                0x000000002000023c                hsai_BlockA1
 .bss.hsai_BlockB1
                0x00000000200002d4       0x98 ./Core/Src/sai.o
                0x00000000200002d4                hsai_BlockB1
 .bss.SAI1_client
                0x000000002000036c        0x4 ./Core/Src/sai.o
 .bss.hspi1     0x0000000020000370       0x64 ./Core/Src/spi.o
                0x0000000020000370                hspi1
 .bss.htim4     0x00000000200003d4       0x4c ./Core/Src/tim.o
                0x00000000200003d4                htim4
 .bss.htim16    0x0000000020000420       0x4c ./Core/Src/tim.o
                0x0000000020000420                htim16
 .bss.htim17    0x000000002000046c       0x4c ./Core/Src/tim.o
                0x000000002000046c                htim17
 .bss.hlpuart1  0x00000000200004b8       0x90 ./Core/Src/usart.o
                0x00000000200004b8                hlpuart1
 .bss.huart1    0x0000000020000548       0x90 ./Core/Src/usart.o
                0x0000000020000548                huart1
 .bss.hpcd_USB_FS
                0x00000000200005d8      0x2f4 ./Core/Src/usb.o
                0x00000000200005d8                hpcd_USB_FS
 .bss.uwTick    0x00000000200008cc        0x4 ./Drivers/STM32L5xx_HAL_Driver/Src/stm32l5xx_hal.o
                0x00000000200008cc                uwTick
 .bss.v_dfsdm1ChannelCounter
                0x00000000200008d0        0x4 ./Drivers/STM32L5xx_HAL_Driver/Src/stm32l5xx_hal_dfsdm.o
 .bss.a_dfsdm1ChannelHandle
                0x00000000200008d4       0x10 ./Drivers/STM32L5xx_HAL_Driver/Src/stm32l5xx_hal_dfsdm.o
 .bss.s_CurrentStep
                0x00000000200008e4        0x1 ./LIB_LED/lib_led.o
 *(COMMON)
                0x00000000200008e8                . = ALIGN (0x4)
 *fill*         0x00000000200008e5        0x3 
                0x00000000200008e8                _ebss = .
                0x00000000200008e8                __bss_end__ = _ebss

._user_heap_stack
                0x00000000200008e8      0x600 load address 0x0000000008009a30
                0x00000000200008e8                . = ALIGN (0x8)
                [!provide]                        PROVIDE (end = .)
                0x00000000200008e8                PROVIDE (_end = .)
                0x0000000020000ae8                . = (. + _Min_Heap_Size)
 *fill*         0x00000000200008e8      0x200 
                0x0000000020000ee8                . = (. + _Min_Stack_Size)
 *fill*         0x0000000020000ae8      0x400 
                0x0000000020000ee8                . = ALIGN (0x8)

/DISCARD/
 libc.a(*)
 libm.a(*)
 libgcc.a(*)

.ARM.attributes
                0x0000000000000000       0x36
 *(.ARM.attributes)
 .ARM.attributes
                0x0000000000000000       0x22 c:/st/stm32cubeide_1.10.1/stm32cubeide/plugins/com.st.stm32cube.ide.mcu.externaltools.gnu-tools-for-stm32.10.3-2021.10.win32_1.0.0.202111181127/tools/bin/../lib/gcc/arm-none-eabi/10.3.1/thumb/v8-m.main+fp/hard/crti.o
 .ARM.attributes
                0x0000000000000022       0x38 c:/st/stm32cubeide_1.10.1/stm32cubeide/plugins/com.st.stm32cube.ide.mcu.externaltools.gnu-tools-for-stm32.10.3-2021.10.win32_1.0.0.202111181127/tools/bin/../lib/gcc/arm-none-eabi/10.3.1/thumb/v8-m.main+fp/hard/crtbegin.o
 .ARM.attributes
                0x000000000000005a       0x3a ./Core/Src/adc.o
 .ARM.attributes
                0x0000000000000094       0x3a ./Core/Src/dfsdm.o
 .ARM.attributes
                0x00000000000000ce       0x3a ./Core/Src/fmc.o
 .ARM.attributes
                0x0000000000000108       0x3a ./Core/Src/gpio.o
 .ARM.attributes
                0x0000000000000142       0x3a ./Core/Src/i2c.o
 .ARM.attributes
                0x000000000000017c       0x3a ./Core/Src/main.o
 .ARM.attributes
                0x00000000000001b6       0x3a ./Core/Src/octospi.o
 .ARM.attributes
                0x00000000000001f0       0x3a ./Core/Src/sai.o
 .ARM.attributes
                0x000000000000022a       0x3a ./Core/Src/spi.o
 .ARM.attributes
                0x0000000000000264       0x3a ./Core/Src/stm32l5xx_hal_msp.o
 .ARM.attributes
                0x000000000000029e       0x3a ./Core/Src/stm32l5xx_it.o
 .ARM.attributes
                0x00000000000002d8       0x3a ./Core/Src/system_stm32l5xx.o
 .ARM.attributes
                0x0000000000000312       0x3a ./Core/Src/tim.o
 .ARM.attributes
                0x000000000000034c       0x3a ./Core/Src/ucpd.o
 .ARM.attributes
                0x0000000000000386       0x3a ./Core/Src/usart.o
 .ARM.attributes
                0x00000000000003c0       0x3a ./Core/Src/usb.o
 .ARM.attributes
                0x00000000000003fa       0x24 ./Core/Startup/startup_stm32l562qeixq.o
 .ARM.attributes
                0x000000000000041e       0x3a ./Drivers/STM32L5xx_HAL_Driver/Src/stm32l5xx_hal.o
 .ARM.attributes
                0x0000000000000458       0x3a ./Drivers/STM32L5xx_HAL_Driver/Src/stm32l5xx_hal_adc.o
 .ARM.attributes
                0x0000000000000492       0x3a ./Drivers/STM32L5xx_HAL_Driver/Src/stm32l5xx_hal_adc_ex.o
 .ARM.attributes
                0x00000000000004cc       0x3a ./Drivers/STM32L5xx_HAL_Driver/Src/stm32l5xx_hal_cortex.o
 .ARM.attributes
                0x0000000000000506       0x3a ./Drivers/STM32L5xx_HAL_Driver/Src/stm32l5xx_hal_dfsdm.o
 .ARM.attributes
                0x0000000000000540       0x3a ./Drivers/STM32L5xx_HAL_Driver/Src/stm32l5xx_hal_gpio.o
 .ARM.attributes
                0x000000000000057a       0x3a ./Drivers/STM32L5xx_HAL_Driver/Src/stm32l5xx_hal_i2c.o
 .ARM.attributes
                0x00000000000005b4       0x3a ./Drivers/STM32L5xx_HAL_Driver/Src/stm32l5xx_hal_i2c_ex.o
 .ARM.attributes
                0x00000000000005ee       0x3a ./Drivers/STM32L5xx_HAL_Driver/Src/stm32l5xx_hal_ospi.o
 .ARM.attributes
                0x0000000000000628       0x3a ./Drivers/STM32L5xx_HAL_Driver/Src/stm32l5xx_hal_pcd.o
 .ARM.attributes
                0x0000000000000662       0x3a ./Drivers/STM32L5xx_HAL_Driver/Src/stm32l5xx_hal_pcd_ex.o
 .ARM.attributes
                0x000000000000069c       0x3a ./Drivers/STM32L5xx_HAL_Driver/Src/stm32l5xx_hal_pwr.o
 .ARM.attributes
                0x00000000000006d6       0x3a ./Drivers/STM32L5xx_HAL_Driver/Src/stm32l5xx_hal_pwr_ex.o
 .ARM.attributes
                0x0000000000000710       0x3a ./Drivers/STM32L5xx_HAL_Driver/Src/stm32l5xx_hal_rcc.o
 .ARM.attributes
                0x000000000000074a       0x3a ./Drivers/STM32L5xx_HAL_Driver/Src/stm32l5xx_hal_rcc_ex.o
 .ARM.attributes
                0x0000000000000784       0x3a ./Drivers/STM32L5xx_HAL_Driver/Src/stm32l5xx_hal_sai.o
 .ARM.attributes
                0x00000000000007be       0x3a ./Drivers/STM32L5xx_HAL_Driver/Src/stm32l5xx_hal_spi.o
 .ARM.attributes
                0x00000000000007f8       0x3a ./Drivers/STM32L5xx_HAL_Driver/Src/stm32l5xx_hal_sram.o
 .ARM.attributes
                0x0000000000000832       0x3a ./Drivers/STM32L5xx_HAL_Driver/Src/stm32l5xx_hal_tim.o
 .ARM.attributes
                0x000000000000086c       0x3a ./Drivers/STM32L5xx_HAL_Driver/Src/stm32l5xx_hal_tim_ex.o
 .ARM.attributes
                0x00000000000008a6       0x3a ./Drivers/STM32L5xx_HAL_Driver/Src/stm32l5xx_hal_uart.o
 .ARM.attributes
                0x00000000000008e0       0x3a ./Drivers/STM32L5xx_HAL_Driver/Src/stm32l5xx_hal_uart_ex.o
 .ARM.attributes
                0x000000000000091a       0x3a ./Drivers/STM32L5xx_HAL_Driver/Src/stm32l5xx_ll_fmc.o
 .ARM.attributes
                0x0000000000000954       0x3a ./Drivers/STM32L5xx_HAL_Driver/Src/stm32l5xx_ll_gpio.o
 .ARM.attributes
                0x000000000000098e       0x3a ./Drivers/STM32L5xx_HAL_Driver/Src/stm32l5xx_ll_usb.o
 .ARM.attributes
                0x00000000000009c8       0x3a ./LIB_LED/lib_led.o
 .ARM.attributes
                0x0000000000000a02       0x38 c:/st/stm32cubeide_1.10.1/stm32cubeide/plugins/com.st.stm32cube.ide.mcu.externaltools.gnu-tools-for-stm32.10.3-2021.10.win32_1.0.0.202111181127/tools/bin/../lib/gcc/arm-none-eabi/10.3.1/../../../../arm-none-eabi/lib/thumb/v8-m.main+fp/hard\libc_nano.a(lib_a-init.o)
 .ARM.attributes
                0x0000000000000a3a       0x38 c:/st/stm32cubeide_1.10.1/stm32cubeide/plugins/com.st.stm32cube.ide.mcu.externaltools.gnu-tools-for-stm32.10.3-2021.10.win32_1.0.0.202111181127/tools/bin/../lib/gcc/arm-none-eabi/10.3.1/../../../../arm-none-eabi/lib/thumb/v8-m.main+fp/hard\libc_nano.a(lib_a-memset.o)
 .ARM.attributes
                0x0000000000000a72       0x22 c:/st/stm32cubeide_1.10.1/stm32cubeide/plugins/com.st.stm32cube.ide.mcu.externaltools.gnu-tools-for-stm32.10.3-2021.10.win32_1.0.0.202111181127/tools/bin/../lib/gcc/arm-none-eabi/10.3.1/thumb/v8-m.main+fp/hard\libgcc.a(_aeabi_uldivmod.o)
 .ARM.attributes
                0x0000000000000a94       0x38 c:/st/stm32cubeide_1.10.1/stm32cubeide/plugins/com.st.stm32cube.ide.mcu.externaltools.gnu-tools-for-stm32.10.3-2021.10.win32_1.0.0.202111181127/tools/bin/../lib/gcc/arm-none-eabi/10.3.1/thumb/v8-m.main+fp/hard\libgcc.a(_udivmoddi4.o)
 .ARM.attributes
                0x0000000000000acc       0x22 c:/st/stm32cubeide_1.10.1/stm32cubeide/plugins/com.st.stm32cube.ide.mcu.externaltools.gnu-tools-for-stm32.10.3-2021.10.win32_1.0.0.202111181127/tools/bin/../lib/gcc/arm-none-eabi/10.3.1/thumb/v8-m.main+fp/hard\libgcc.a(_dvmd_tls.o)
 .ARM.attributes
                0x0000000000000aee       0x22 c:/st/stm32cubeide_1.10.1/stm32cubeide/plugins/com.st.stm32cube.ide.mcu.externaltools.gnu-tools-for-stm32.10.3-2021.10.win32_1.0.0.202111181127/tools/bin/../lib/gcc/arm-none-eabi/10.3.1/thumb/v8-m.main+fp/hard/crtn.o
OUTPUT(playground.elf elf32-littlearm)
LOAD linker stubs
LOAD c:/st/stm32cubeide_1.10.1/stm32cubeide/plugins/com.st.stm32cube.ide.mcu.externaltools.gnu-tools-for-stm32.10.3-2021.10.win32_1.0.0.202111181127/tools/bin/../lib/gcc/arm-none-eabi/10.3.1/../../../../arm-none-eabi/lib/thumb/v8-m.main+fp/hard\libc.a
LOAD c:/st/stm32cubeide_1.10.1/stm32cubeide/plugins/com.st.stm32cube.ide.mcu.externaltools.gnu-tools-for-stm32.10.3-2021.10.win32_1.0.0.202111181127/tools/bin/../lib/gcc/arm-none-eabi/10.3.1/../../../../arm-none-eabi/lib/thumb/v8-m.main+fp/hard\libm.a
LOAD c:/st/stm32cubeide_1.10.1/stm32cubeide/plugins/com.st.stm32cube.ide.mcu.externaltools.gnu-tools-for-stm32.10.3-2021.10.win32_1.0.0.202111181127/tools/bin/../lib/gcc/arm-none-eabi/10.3.1/thumb/v8-m.main+fp/hard\libgcc.a

.debug_info     0x0000000000000000    0x2cdcd
 .debug_info    0x0000000000000000      0xf2a ./Core/Src/adc.o
 .debug_info    0x0000000000000f2a      0xba3 ./Core/Src/dfsdm.o
 .debug_info    0x0000000000001acd      0xd1c ./Core/Src/fmc.o
 .debug_info    0x00000000000027e9      0x696 ./Core/Src/gpio.o
 .debug_info    0x0000000000002e7f      0xf74 ./Core/Src/i2c.o
 .debug_info    0x0000000000003df3     0x10df ./Core/Src/main.o
 .debug_info    0x0000000000004ed2     0x113d ./Core/Src/octospi.o
 .debug_info    0x000000000000600f      0xdef ./Core/Src/sai.o
 .debug_info    0x0000000000006dfe      0xc96 ./Core/Src/spi.o
 .debug_info    0x0000000000007a94      0x424 ./Core/Src/stm32l5xx_hal_msp.o
 .debug_info    0x0000000000007eb8      0x8ea ./Core/Src/stm32l5xx_it.o
 .debug_info    0x00000000000087a2      0x7fc ./Core/Src/system_stm32l5xx.o
 .debug_info    0x0000000000008f9e     0x146f ./Core/Src/tim.o
 .debug_info    0x000000000000a40d      0x5f5 ./Core/Src/ucpd.o
 .debug_info    0x000000000000aa02     0x107b ./Core/Src/usart.o
 .debug_info    0x000000000000ba7d      0xdf7 ./Core/Src/usb.o
 .debug_info    0x000000000000c874       0x22 ./Core/Startup/startup_stm32l562qeixq.o
 .debug_info    0x000000000000c896      0xd55 ./Drivers/STM32L5xx_HAL_Driver/Src/stm32l5xx_hal.o
 .debug_info    0x000000000000d5eb     0x1ffe ./Drivers/STM32L5xx_HAL_Driver/Src/stm32l5xx_hal_adc.o
 .debug_info    0x000000000000f5e9     0x1d8f ./Drivers/STM32L5xx_HAL_Driver/Src/stm32l5xx_hal_adc_ex.o
 .debug_info    0x0000000000011378     0x1189 ./Drivers/STM32L5xx_HAL_Driver/Src/stm32l5xx_hal_cortex.o
 .debug_info    0x0000000000012501     0x1ce9 ./Drivers/STM32L5xx_HAL_Driver/Src/stm32l5xx_hal_dfsdm.o
 .debug_info    0x00000000000141ea      0x655 ./Drivers/STM32L5xx_HAL_Driver/Src/stm32l5xx_hal_gpio.o
 .debug_info    0x000000000001483f     0x22a2 ./Drivers/STM32L5xx_HAL_Driver/Src/stm32l5xx_hal_i2c.o
 .debug_info    0x0000000000016ae1      0xc76 ./Drivers/STM32L5xx_HAL_Driver/Src/stm32l5xx_hal_i2c_ex.o
 .debug_info    0x0000000000017757     0x182b ./Drivers/STM32L5xx_HAL_Driver/Src/stm32l5xx_hal_ospi.o
 .debug_info    0x0000000000018f82     0x15b3 ./Drivers/STM32L5xx_HAL_Driver/Src/stm32l5xx_hal_pcd.o
 .debug_info    0x000000000001a535      0x88f ./Drivers/STM32L5xx_HAL_Driver/Src/stm32l5xx_hal_pcd_ex.o
 .debug_info    0x000000000001adc4      0xd12 ./Drivers/STM32L5xx_HAL_Driver/Src/stm32l5xx_hal_pwr.o
 .debug_info    0x000000000001bad6      0xdf9 ./Drivers/STM32L5xx_HAL_Driver/Src/stm32l5xx_hal_pwr_ex.o
 .debug_info    0x000000000001c8cf     0x1057 ./Drivers/STM32L5xx_HAL_Driver/Src/stm32l5xx_hal_rcc.o
 .debug_info    0x000000000001d926     0x121b ./Drivers/STM32L5xx_HAL_Driver/Src/stm32l5xx_hal_rcc_ex.o
 .debug_info    0x000000000001eb41     0x14ba ./Drivers/STM32L5xx_HAL_Driver/Src/stm32l5xx_hal_sai.o
 .debug_info    0x000000000001fffb     0x18a9 ./Drivers/STM32L5xx_HAL_Driver/Src/stm32l5xx_hal_spi.o
 .debug_info    0x00000000000218a4      0xf23 ./Drivers/STM32L5xx_HAL_Driver/Src/stm32l5xx_hal_sram.o
 .debug_info    0x00000000000227c7     0x2c81 ./Drivers/STM32L5xx_HAL_Driver/Src/stm32l5xx_hal_tim.o
 .debug_info    0x0000000000025448     0x192a ./Drivers/STM32L5xx_HAL_Driver/Src/stm32l5xx_hal_tim_ex.o
 .debug_info    0x0000000000026d72     0x1dc1 ./Drivers/STM32L5xx_HAL_Driver/Src/stm32l5xx_hal_uart.o
 .debug_info    0x0000000000028b33      0xe3d ./Drivers/STM32L5xx_HAL_Driver/Src/stm32l5xx_hal_uart_ex.o
 .debug_info    0x0000000000029970      0x855 ./Drivers/STM32L5xx_HAL_Driver/Src/stm32l5xx_ll_fmc.o
 .debug_info    0x000000000002a1c5      0xaec ./Drivers/STM32L5xx_HAL_Driver/Src/stm32l5xx_ll_gpio.o
 .debug_info    0x000000000002acb1     0x1766 ./Drivers/STM32L5xx_HAL_Driver/Src/stm32l5xx_ll_usb.o
 .debug_info    0x000000000002c417      0x9b6 ./LIB_LED/lib_led.o

.debug_abbrev   0x0000000000000000     0x5baa
 .debug_abbrev  0x0000000000000000      0x207 ./Core/Src/adc.o
 .debug_abbrev  0x0000000000000207      0x1f9 ./Core/Src/dfsdm.o
 .debug_abbrev  0x0000000000000400      0x22e ./Core/Src/fmc.o
 .debug_abbrev  0x000000000000062e      0x180 ./Core/Src/gpio.o
 .debug_abbrev  0x00000000000007ae      0x229 ./Core/Src/i2c.o
 .debug_abbrev  0x00000000000009d7      0x24e ./Core/Src/main.o
 .debug_abbrev  0x0000000000000c25      0x218 ./Core/Src/octospi.o
 .debug_abbrev  0x0000000000000e3d      0x20e ./Core/Src/sai.o
 .debug_abbrev  0x000000000000104b      0x21a ./Core/Src/spi.o
 .debug_abbrev  0x0000000000001265       0xec ./Core/Src/stm32l5xx_hal_msp.o
 .debug_abbrev  0x0000000000001351      0x19c ./Core/Src/stm32l5xx_it.o
 .debug_abbrev  0x00000000000014ed      0x127 ./Core/Src/system_stm32l5xx.o
 .debug_abbrev  0x0000000000001614      0x27f ./Core/Src/tim.o
 .debug_abbrev  0x0000000000001893      0x1b1 ./Core/Src/ucpd.o
 .debug_abbrev  0x0000000000001a44      0x21e ./Core/Src/usart.o
 .debug_abbrev  0x0000000000001c62      0x224 ./Core/Src/usb.o
 .debug_abbrev  0x0000000000001e86       0x12 ./Core/Startup/startup_stm32l562qeixq.o
 .debug_abbrev  0x0000000000001e98      0x2c3 ./Drivers/STM32L5xx_HAL_Driver/Src/stm32l5xx_hal.o
 .debug_abbrev  0x000000000000215b      0x2b6 ./Drivers/STM32L5xx_HAL_Driver/Src/stm32l5xx_hal_adc.o
 .debug_abbrev  0x0000000000002411      0x2da ./Drivers/STM32L5xx_HAL_Driver/Src/stm32l5xx_hal_adc_ex.o
 .debug_abbrev  0x00000000000026eb      0x31d ./Drivers/STM32L5xx_HAL_Driver/Src/stm32l5xx_hal_cortex.o
 .debug_abbrev  0x0000000000002a08      0x26d ./Drivers/STM32L5xx_HAL_Driver/Src/stm32l5xx_hal_dfsdm.o
 .debug_abbrev  0x0000000000002c75      0x1b2 ./Drivers/STM32L5xx_HAL_Driver/Src/stm32l5xx_hal_gpio.o
 .debug_abbrev  0x0000000000002e27      0x243 ./Drivers/STM32L5xx_HAL_Driver/Src/stm32l5xx_hal_i2c.o
 .debug_abbrev  0x000000000000306a      0x1d0 ./Drivers/STM32L5xx_HAL_Driver/Src/stm32l5xx_hal_i2c_ex.o
 .debug_abbrev  0x000000000000323a      0x297 ./Drivers/STM32L5xx_HAL_Driver/Src/stm32l5xx_hal_ospi.o
 .debug_abbrev  0x00000000000034d1      0x2a4 ./Drivers/STM32L5xx_HAL_Driver/Src/stm32l5xx_hal_pcd.o
 .debug_abbrev  0x0000000000003775      0x21d ./Drivers/STM32L5xx_HAL_Driver/Src/stm32l5xx_hal_pcd_ex.o
 .debug_abbrev  0x0000000000003992      0x1fa ./Drivers/STM32L5xx_HAL_Driver/Src/stm32l5xx_hal_pwr.o
 .debug_abbrev  0x0000000000003b8c      0x283 ./Drivers/STM32L5xx_HAL_Driver/Src/stm32l5xx_hal_pwr_ex.o
 .debug_abbrev  0x0000000000003e0f      0x2ee ./Drivers/STM32L5xx_HAL_Driver/Src/stm32l5xx_hal_rcc.o
 .debug_abbrev  0x00000000000040fd      0x2b9 ./Drivers/STM32L5xx_HAL_Driver/Src/stm32l5xx_hal_rcc_ex.o
 .debug_abbrev  0x00000000000043b6      0x27d ./Drivers/STM32L5xx_HAL_Driver/Src/stm32l5xx_hal_sai.o
 .debug_abbrev  0x0000000000004633      0x254 ./Drivers/STM32L5xx_HAL_Driver/Src/stm32l5xx_hal_spi.o
 .debug_abbrev  0x0000000000004887      0x214 ./Drivers/STM32L5xx_HAL_Driver/Src/stm32l5xx_hal_sram.o
 .debug_abbrev  0x0000000000004a9b      0x25d ./Drivers/STM32L5xx_HAL_Driver/Src/stm32l5xx_hal_tim.o
 .debug_abbrev  0x0000000000004cf8      0x27a ./Drivers/STM32L5xx_HAL_Driver/Src/stm32l5xx_hal_tim_ex.o
 .debug_abbrev  0x0000000000004f72      0x29c ./Drivers/STM32L5xx_HAL_Driver/Src/stm32l5xx_hal_uart.o
 .debug_abbrev  0x000000000000520e      0x225 ./Drivers/STM32L5xx_HAL_Driver/Src/stm32l5xx_hal_uart_ex.o
 .debug_abbrev  0x0000000000005433      0x196 ./Drivers/STM32L5xx_HAL_Driver/Src/stm32l5xx_ll_fmc.o
 .debug_abbrev  0x00000000000055c9      0x243 ./Drivers/STM32L5xx_HAL_Driver/Src/stm32l5xx_ll_gpio.o
 .debug_abbrev  0x000000000000580c      0x22f ./Drivers/STM32L5xx_HAL_Driver/Src/stm32l5xx_ll_usb.o
 .debug_abbrev  0x0000000000005a3b      0x16f ./LIB_LED/lib_led.o

.debug_aranges  0x0000000000000000     0x2448
 .debug_aranges
                0x0000000000000000       0x30 ./Core/Src/adc.o
 .debug_aranges
                0x0000000000000030       0x30 ./Core/Src/dfsdm.o
 .debug_aranges
                0x0000000000000060       0x40 ./Core/Src/fmc.o
 .debug_aranges
                0x00000000000000a0       0x20 ./Core/Src/gpio.o
 .debug_aranges
                0x00000000000000c0       0x30 ./Core/Src/i2c.o
 .debug_aranges
                0x00000000000000f0       0x38 ./Core/Src/main.o
 .debug_aranges
                0x0000000000000128       0x30 ./Core/Src/octospi.o
 .debug_aranges
                0x0000000000000158       0x30 ./Core/Src/sai.o
 .debug_aranges
                0x0000000000000188       0x30 ./Core/Src/spi.o
 .debug_aranges
                0x00000000000001b8       0x20 ./Core/Src/stm32l5xx_hal_msp.o
 .debug_aranges
                0x00000000000001d8       0x68 ./Core/Src/stm32l5xx_it.o
 .debug_aranges
                0x0000000000000240       0x28 ./Core/Src/system_stm32l5xx.o
 .debug_aranges
                0x0000000000000268       0x48 ./Core/Src/tim.o
 .debug_aranges
                0x00000000000002b0       0x30 ./Core/Src/ucpd.o
 .debug_aranges
                0x00000000000002e0       0x38 ./Core/Src/usart.o
 .debug_aranges
                0x0000000000000318       0x30 ./Core/Src/usb.o
 .debug_aranges
                0x0000000000000348       0x28 ./Core/Startup/startup_stm32l562qeixq.o
 .debug_aranges
                0x0000000000000370      0x130 ./Drivers/STM32L5xx_HAL_Driver/Src/stm32l5xx_hal.o
 .debug_aranges
                0x00000000000004a0      0x228 ./Drivers/STM32L5xx_HAL_Driver/Src/stm32l5xx_hal_adc.o
 .debug_aranges
                0x00000000000006c8      0x1b0 ./Drivers/STM32L5xx_HAL_Driver/Src/stm32l5xx_hal_adc_ex.o
 .debug_aranges
                0x0000000000000878      0x130 ./Drivers/STM32L5xx_HAL_Driver/Src/stm32l5xx_hal_cortex.o
 .debug_aranges
                0x00000000000009a8      0x248 ./Drivers/STM32L5xx_HAL_Driver/Src/stm32l5xx_hal_dfsdm.o
 .debug_aranges
                0x0000000000000bf0       0x60 ./Drivers/STM32L5xx_HAL_Driver/Src/stm32l5xx_hal_gpio.o
 .debug_aranges
                0x0000000000000c50      0x290 ./Drivers/STM32L5xx_HAL_Driver/Src/stm32l5xx_hal_i2c.o
 .debug_aranges
                0x0000000000000ee0       0x48 ./Drivers/STM32L5xx_HAL_Driver/Src/stm32l5xx_hal_i2c_ex.o
 .debug_aranges
                0x0000000000000f28      0x160 ./Drivers/STM32L5xx_HAL_Driver/Src/stm32l5xx_hal_ospi.o
 .debug_aranges
                0x0000000000001088      0x130 ./Drivers/STM32L5xx_HAL_Driver/Src/stm32l5xx_hal_pcd.o
 .debug_aranges
                0x00000000000011b8       0x58 ./Drivers/STM32L5xx_HAL_Driver/Src/stm32l5xx_hal_pcd_ex.o
 .debug_aranges
                0x0000000000001210       0xa8 ./Drivers/STM32L5xx_HAL_Driver/Src/stm32l5xx_hal_pwr.o
 .debug_aranges
                0x00000000000012b8      0x1b8 ./Drivers/STM32L5xx_HAL_Driver/Src/stm32l5xx_hal_pwr_ex.o
 .debug_aranges
                0x0000000000001470       0xa0 ./Drivers/STM32L5xx_HAL_Driver/Src/stm32l5xx_hal_rcc.o
 .debug_aranges
                0x0000000000001510      0x118 ./Drivers/STM32L5xx_HAL_Driver/Src/stm32l5xx_hal_rcc_ex.o
 .debug_aranges
                0x0000000000001628      0x178 ./Drivers/STM32L5xx_HAL_Driver/Src/stm32l5xx_hal_sai.o
 .debug_aranges
                0x00000000000017a0      0x1d8 ./Drivers/STM32L5xx_HAL_Driver/Src/stm32l5xx_hal_spi.o
 .debug_aranges
                0x0000000000001978       0xb8 ./Drivers/STM32L5xx_HAL_Driver/Src/stm32l5xx_hal_sram.o
 .debug_aranges
                0x0000000000001a30      0x3e0 ./Drivers/STM32L5xx_HAL_Driver/Src/stm32l5xx_hal_tim.o
 .debug_aranges
                0x0000000000001e10      0x190 ./Drivers/STM32L5xx_HAL_Driver/Src/stm32l5xx_hal_tim_ex.o
 .debug_aranges
                0x0000000000001fa0      0x248 ./Drivers/STM32L5xx_HAL_Driver/Src/stm32l5xx_hal_uart.o
 .debug_aranges
                0x00000000000021e8       0xa0 ./Drivers/STM32L5xx_HAL_Driver/Src/stm32l5xx_hal_uart_ex.o
 .debug_aranges
                0x0000000000002288       0x80 ./Drivers/STM32L5xx_HAL_Driver/Src/stm32l5xx_ll_fmc.o
 .debug_aranges
                0x0000000000002308       0x70 ./Drivers/STM32L5xx_HAL_Driver/Src/stm32l5xx_ll_gpio.o
 .debug_aranges
                0x0000000000002378       0xb0 ./Drivers/STM32L5xx_HAL_Driver/Src/stm32l5xx_ll_usb.o
 .debug_aranges
                0x0000000000002428       0x20 ./LIB_LED/lib_led.o

.debug_ranges   0x0000000000000000     0x21e8
 .debug_ranges  0x0000000000000000       0x20 ./Core/Src/adc.o
 .debug_ranges  0x0000000000000020       0x20 ./Core/Src/dfsdm.o
 .debug_ranges  0x0000000000000040       0x30 ./Core/Src/fmc.o
 .debug_ranges  0x0000000000000070       0x10 ./Core/Src/gpio.o
 .debug_ranges  0x0000000000000080       0x20 ./Core/Src/i2c.o
 .debug_ranges  0x00000000000000a0       0x28 ./Core/Src/main.o
 .debug_ranges  0x00000000000000c8       0x20 ./Core/Src/octospi.o
 .debug_ranges  0x00000000000000e8       0x20 ./Core/Src/sai.o
 .debug_ranges  0x0000000000000108       0x20 ./Core/Src/spi.o
 .debug_ranges  0x0000000000000128       0x10 ./Core/Src/stm32l5xx_hal_msp.o
 .debug_ranges  0x0000000000000138       0x58 ./Core/Src/stm32l5xx_it.o
 .debug_ranges  0x0000000000000190       0x18 ./Core/Src/system_stm32l5xx.o
 .debug_ranges  0x00000000000001a8       0x38 ./Core/Src/tim.o
 .debug_ranges  0x00000000000001e0       0x20 ./Core/Src/ucpd.o
 .debug_ranges  0x0000000000000200       0x28 ./Core/Src/usart.o
 .debug_ranges  0x0000000000000228       0x20 ./Core/Src/usb.o
 .debug_ranges  0x0000000000000248       0x20 ./Core/Startup/startup_stm32l562qeixq.o
 .debug_ranges  0x0000000000000268      0x120 ./Drivers/STM32L5xx_HAL_Driver/Src/stm32l5xx_hal.o
 .debug_ranges  0x0000000000000388      0x218 ./Drivers/STM32L5xx_HAL_Driver/Src/stm32l5xx_hal_adc.o
 .debug_ranges  0x00000000000005a0      0x1a0 ./Drivers/STM32L5xx_HAL_Driver/Src/stm32l5xx_hal_adc_ex.o
 .debug_ranges  0x0000000000000740      0x120 ./Drivers/STM32L5xx_HAL_Driver/Src/stm32l5xx_hal_cortex.o
 .debug_ranges  0x0000000000000860      0x238 ./Drivers/STM32L5xx_HAL_Driver/Src/stm32l5xx_hal_dfsdm.o
 .debug_ranges  0x0000000000000a98       0x50 ./Drivers/STM32L5xx_HAL_Driver/Src/stm32l5xx_hal_gpio.o
 .debug_ranges  0x0000000000000ae8      0x280 ./Drivers/STM32L5xx_HAL_Driver/Src/stm32l5xx_hal_i2c.o
 .debug_ranges  0x0000000000000d68       0x38 ./Drivers/STM32L5xx_HAL_Driver/Src/stm32l5xx_hal_i2c_ex.o
 .debug_ranges  0x0000000000000da0      0x150 ./Drivers/STM32L5xx_HAL_Driver/Src/stm32l5xx_hal_ospi.o
 .debug_ranges  0x0000000000000ef0      0x120 ./Drivers/STM32L5xx_HAL_Driver/Src/stm32l5xx_hal_pcd.o
 .debug_ranges  0x0000000000001010       0x48 ./Drivers/STM32L5xx_HAL_Driver/Src/stm32l5xx_hal_pcd_ex.o
 .debug_ranges  0x0000000000001058       0x98 ./Drivers/STM32L5xx_HAL_Driver/Src/stm32l5xx_hal_pwr.o
 .debug_ranges  0x00000000000010f0      0x1a8 ./Drivers/STM32L5xx_HAL_Driver/Src/stm32l5xx_hal_pwr_ex.o
 .debug_ranges  0x0000000000001298       0x90 ./Drivers/STM32L5xx_HAL_Driver/Src/stm32l5xx_hal_rcc.o
 .debug_ranges  0x0000000000001328      0x108 ./Drivers/STM32L5xx_HAL_Driver/Src/stm32l5xx_hal_rcc_ex.o
 .debug_ranges  0x0000000000001430      0x180 ./Drivers/STM32L5xx_HAL_Driver/Src/stm32l5xx_hal_sai.o
 .debug_ranges  0x00000000000015b0      0x1c8 ./Drivers/STM32L5xx_HAL_Driver/Src/stm32l5xx_hal_spi.o
 .debug_ranges  0x0000000000001778       0xa8 ./Drivers/STM32L5xx_HAL_Driver/Src/stm32l5xx_hal_sram.o
 .debug_ranges  0x0000000000001820      0x3d0 ./Drivers/STM32L5xx_HAL_Driver/Src/stm32l5xx_hal_tim.o
 .debug_ranges  0x0000000000001bf0      0x180 ./Drivers/STM32L5xx_HAL_Driver/Src/stm32l5xx_hal_tim_ex.o
 .debug_ranges  0x0000000000001d70      0x268 ./Drivers/STM32L5xx_HAL_Driver/Src/stm32l5xx_hal_uart.o
 .debug_ranges  0x0000000000001fd8       0x90 ./Drivers/STM32L5xx_HAL_Driver/Src/stm32l5xx_hal_uart_ex.o
 .debug_ranges  0x0000000000002068       0x70 ./Drivers/STM32L5xx_HAL_Driver/Src/stm32l5xx_ll_fmc.o
 .debug_ranges  0x00000000000020d8       0x60 ./Drivers/STM32L5xx_HAL_Driver/Src/stm32l5xx_ll_gpio.o
 .debug_ranges  0x0000000000002138       0xa0 ./Drivers/STM32L5xx_HAL_Driver/Src/stm32l5xx_ll_usb.o
 .debug_ranges  0x00000000000021d8       0x10 ./LIB_LED/lib_led.o

.debug_macro    0x0000000000000000    0x33f2f
 .debug_macro   0x0000000000000000      0x324 ./Core/Src/adc.o
 .debug_macro   0x0000000000000324      0xa84 ./Core/Src/adc.o
 .debug_macro   0x0000000000000da8      0x1bf ./Core/Src/adc.o
 .debug_macro   0x0000000000000f67       0x2e ./Core/Src/adc.o
 .debug_macro   0x0000000000000f95       0x42 ./Core/Src/adc.o
 .debug_macro   0x0000000000000fd7       0x22 ./Core/Src/adc.o
 .debug_macro   0x0000000000000ff9       0x8e ./Core/Src/adc.o
 .debug_macro   0x0000000000001087       0x51 ./Core/Src/adc.o
 .debug_macro   0x00000000000010d8      0x103 ./Core/Src/adc.o
 .debug_macro   0x00000000000011db       0x6a ./Core/Src/adc.o
 .debug_macro   0x0000000000001245      0x1df ./Core/Src/adc.o
 .debug_macro   0x0000000000001424       0x1c ./Core/Src/adc.o
 .debug_macro   0x0000000000001440       0x29 ./Core/Src/adc.o
 .debug_macro   0x0000000000001469       0xfb ./Core/Src/adc.o
 .debug_macro   0x0000000000001564     0x1336 ./Core/Src/adc.o
 .debug_macro   0x000000000000289a       0x5e ./Core/Src/adc.o
 .debug_macro   0x00000000000028f8    0x1bc93 ./Core/Src/adc.o
 .debug_macro   0x000000000001e58b       0x42 ./Core/Src/adc.o
 .debug_macro   0x000000000001e5cd     0x34df ./Core/Src/adc.o
 .debug_macro   0x0000000000021aac      0x174 ./Core/Src/adc.o
 .debug_macro   0x0000000000021c20       0x5c ./Core/Src/adc.o
 .debug_macro   0x0000000000021c7c     0x198e ./Core/Src/adc.o
 .debug_macro   0x000000000002360a      0xa4b ./Core/Src/adc.o
 .debug_macro   0x0000000000024055      0x153 ./Core/Src/adc.o
 .debug_macro   0x00000000000241a8      0x1d9 ./Core/Src/adc.o
 .debug_macro   0x0000000000024381      0x4e1 ./Core/Src/adc.o
 .debug_macro   0x0000000000024862      0x1ac ./Core/Src/adc.o
 .debug_macro   0x0000000000024a0e       0x4a ./Core/Src/adc.o
 .debug_macro   0x0000000000024a58      0x1df ./Core/Src/adc.o
 .debug_macro   0x0000000000024c37       0x10 ./Core/Src/adc.o
 .debug_macro   0x0000000000024c47       0xb3 ./Core/Src/adc.o
 .debug_macro   0x0000000000024cfa      0x1ba ./Core/Src/adc.o
 .debug_macro   0x0000000000024eb4      0xebf ./Core/Src/adc.o
 .debug_macro   0x0000000000025d73      0x608 ./Core/Src/adc.o
 .debug_macro   0x000000000002637b      0x2e9 ./Core/Src/adc.o
 .debug_macro   0x0000000000026664      0x231 ./Core/Src/adc.o
 .debug_macro   0x0000000000026895      0x3bb ./Core/Src/adc.o
 .debug_macro   0x0000000000026c50       0x36 ./Core/Src/adc.o
 .debug_macro   0x0000000000026c86      0x11c ./Core/Src/adc.o
 .debug_macro   0x0000000000026da2      0x22c ./Core/Src/adc.o
 .debug_macro   0x0000000000026fce       0x5b ./Core/Src/adc.o
 .debug_macro   0x0000000000027029       0xa5 ./Core/Src/adc.o
 .debug_macro   0x00000000000270ce       0xf3 ./Core/Src/adc.o
 .debug_macro   0x00000000000271c1      0x486 ./Core/Src/adc.o
 .debug_macro   0x0000000000027647       0x65 ./Core/Src/adc.o
 .debug_macro   0x00000000000276ac      0x234 ./Core/Src/adc.o
 .debug_macro   0x00000000000278e0      0x199 ./Core/Src/adc.o
 .debug_macro   0x0000000000027a79      0x487 ./Core/Src/adc.o
 .debug_macro   0x0000000000027f00      0x3ad ./Core/Src/adc.o
 .debug_macro   0x00000000000282ad       0x10 ./Core/Src/adc.o
 .debug_macro   0x00000000000282bd       0xe4 ./Core/Src/adc.o
 .debug_macro   0x00000000000283a1      0x2fe ./Core/Src/adc.o
 .debug_macro   0x000000000002869f      0x332 ./Core/Src/adc.o
 .debug_macro   0x00000000000289d1      0xa98 ./Core/Src/adc.o
 .debug_macro   0x0000000000029469      0x186 ./Core/Src/adc.o
 .debug_macro   0x00000000000295ef      0x67e ./Core/Src/adc.o
 .debug_macro   0x0000000000029c6d       0xa6 ./Core/Src/adc.o
 .debug_macro   0x0000000000029d13      0x3f1 ./Core/Src/adc.o
 .debug_macro   0x000000000002a104      0x2b1 ./Core/Src/adc.o
 .debug_macro   0x000000000002a3b5      0x1ea ./Core/Src/adc.o
 .debug_macro   0x000000000002a59f      0x14f ./Core/Src/adc.o
 .debug_macro   0x000000000002a6ee      0xbd0 ./Core/Src/adc.o
 .debug_macro   0x000000000002b2be      0x397 ./Core/Src/adc.o
 .debug_macro   0x000000000002b655       0xae ./Core/Src/adc.o
 .debug_macro   0x000000000002b703      0x21d ./Core/Src/adc.o
 .debug_macro   0x000000000002b920      0x165 ./Core/Src/adc.o
 .debug_macro   0x000000000002ba85      0x5bf ./Core/Src/adc.o
 .debug_macro   0x000000000002c044      0x314 ./Core/Src/adc.o
 .debug_macro   0x000000000002c358      0x216 ./Core/Src/adc.o
 .debug_macro   0x000000000002c56e      0x10c ./Core/Src/adc.o
 .debug_macro   0x000000000002c67a      0x324 ./Core/Src/dfsdm.o
 .debug_macro   0x000000000002c99e      0x324 ./Core/Src/fmc.o
 .debug_macro   0x000000000002ccc2      0x324 ./Core/Src/gpio.o
 .debug_macro   0x000000000002cfe6      0x324 ./Core/Src/i2c.o
 .debug_macro   0x000000000002d30a      0x3a0 ./Core/Src/main.o
 .debug_macro   0x000000000002d6aa      0x324 ./Core/Src/octospi.o
 .debug_macro   0x000000000002d9ce      0x32e ./Core/Src/sai.o
 .debug_macro   0x000000000002dcfc      0x324 ./Core/Src/spi.o
 .debug_macro   0x000000000002e020      0x31a ./Core/Src/stm32l5xx_hal_msp.o
 .debug_macro   0x000000000002e33a      0x324 ./Core/Src/stm32l5xx_it.o
 .debug_macro   0x000000000002e65e      0x2a2 ./Core/Src/system_stm32l5xx.o
 .debug_macro   0x000000000002e900      0x324 ./Core/Src/tim.o
 .debug_macro   0x000000000002ec24      0x324 ./Core/Src/ucpd.o
 .debug_macro   0x000000000002ef48      0x324 ./Core/Src/usart.o
 .debug_macro   0x000000000002f26c      0x324 ./Core/Src/usb.o
 .debug_macro   0x000000000002f590      0x2d2 ./Drivers/STM32L5xx_HAL_Driver/Src/stm32l5xx_hal.o
 .debug_macro   0x000000000002f862      0x2bf ./Drivers/STM32L5xx_HAL_Driver/Src/stm32l5xx_hal_adc.o
 .debug_macro   0x000000000002fb21      0x2ae ./Drivers/STM32L5xx_HAL_Driver/Src/stm32l5xx_hal_adc_ex.o
 .debug_macro   0x000000000002fdcf      0x2a2 ./Drivers/STM32L5xx_HAL_Driver/Src/stm32l5xx_hal_cortex.o
 .debug_macro   0x0000000000030071      0x2c6 ./Drivers/STM32L5xx_HAL_Driver/Src/stm32l5xx_hal_dfsdm.o
 .debug_macro   0x0000000000030337      0x2d5 ./Drivers/STM32L5xx_HAL_Driver/Src/stm32l5xx_hal_gpio.o
 .debug_macro   0x000000000003060c      0x367 ./Drivers/STM32L5xx_HAL_Driver/Src/stm32l5xx_hal_i2c.o
 .debug_macro   0x0000000000030973      0x2a2 ./Drivers/STM32L5xx_HAL_Driver/Src/stm32l5xx_hal_i2c_ex.o
 .debug_macro   0x0000000000030c15      0x2d4 ./Drivers/STM32L5xx_HAL_Driver/Src/stm32l5xx_hal_ospi.o
 .debug_macro   0x0000000000030ee9      0x2ae ./Drivers/STM32L5xx_HAL_Driver/Src/stm32l5xx_hal_pcd.o
 .debug_macro   0x0000000000031197      0x2a2 ./Drivers/STM32L5xx_HAL_Driver/Src/stm32l5xx_hal_pcd_ex.o
 .debug_macro   0x0000000000031439      0x2ba ./Drivers/STM32L5xx_HAL_Driver/Src/stm32l5xx_hal_pwr.o
 .debug_macro   0x00000000000316f3      0x2d2 ./Drivers/STM32L5xx_HAL_Driver/Src/stm32l5xx_hal_pwr_ex.o
 .debug_macro   0x00000000000319c5      0x2cc ./Drivers/STM32L5xx_HAL_Driver/Src/stm32l5xx_hal_rcc.o
 .debug_macro   0x0000000000031c91      0x308 ./Drivers/STM32L5xx_HAL_Driver/Src/stm32l5xx_hal_rcc_ex.o
 .debug_macro   0x0000000000031f99      0x2b1 ./Drivers/STM32L5xx_HAL_Driver/Src/stm32l5xx_hal_sai.o
 .debug_macro   0x000000000003224a      0x2aa ./Drivers/STM32L5xx_HAL_Driver/Src/stm32l5xx_hal_spi.o
 .debug_macro   0x00000000000324f4      0x2a2 ./Drivers/STM32L5xx_HAL_Driver/Src/stm32l5xx_hal_sram.o
 .debug_macro   0x0000000000032796      0x2a3 ./Drivers/STM32L5xx_HAL_Driver/Src/stm32l5xx_hal_tim.o
 .debug_macro   0x0000000000032a39      0x2a8 ./Drivers/STM32L5xx_HAL_Driver/Src/stm32l5xx_hal_tim_ex.o
 .debug_macro   0x0000000000032ce1      0x2cd ./Drivers/STM32L5xx_HAL_Driver/Src/stm32l5xx_hal_uart.o
 .debug_macro   0x0000000000032fae      0x2ae ./Drivers/STM32L5xx_HAL_Driver/Src/stm32l5xx_hal_uart_ex.o
 .debug_macro   0x000000000003325c      0x2c0 ./Drivers/STM32L5xx_HAL_Driver/Src/stm32l5xx_ll_fmc.o
 .debug_macro   0x000000000003351c      0x2e4 ./Drivers/STM32L5xx_HAL_Driver/Src/stm32l5xx_ll_gpio.o
 .debug_macro   0x0000000000033800      0x15f ./Drivers/STM32L5xx_HAL_Driver/Src/stm32l5xx_ll_gpio.o
 .debug_macro   0x000000000003395f      0x2a2 ./Drivers/STM32L5xx_HAL_Driver/Src/stm32l5xx_ll_usb.o
 .debug_macro   0x0000000000033c01      0x32e ./LIB_LED/lib_led.o

.debug_line     0x0000000000000000    0x2f36a
 .debug_line    0x0000000000000000      0xa2c ./Core/Src/adc.o
 .debug_line    0x0000000000000a2c      0xa8c ./Core/Src/dfsdm.o
 .debug_line    0x00000000000014b8      0xa97 ./Core/Src/fmc.o
 .debug_line    0x0000000000001f4f      0xa30 ./Core/Src/gpio.o
 .debug_line    0x000000000000297f      0xa1e ./Core/Src/i2c.o
 .debug_line    0x000000000000339d      0xb30 ./Core/Src/main.o
 .debug_line    0x0000000000003ecd      0xa59 ./Core/Src/octospi.o
 .debug_line    0x0000000000004926      0xaa4 ./Core/Src/sai.o
 .debug_line    0x00000000000053ca      0xa07 ./Core/Src/spi.o
 .debug_line    0x0000000000005dd1      0x98e ./Core/Src/stm32l5xx_hal_msp.o
 .debug_line    0x000000000000675f      0xa68 ./Core/Src/stm32l5xx_it.o
 .debug_line    0x00000000000071c7      0x925 ./Core/Src/system_stm32l5xx.o
 .debug_line    0x0000000000007aec      0xb61 ./Core/Src/tim.o
 .debug_line    0x000000000000864d      0x9e8 ./Core/Src/ucpd.o
 .debug_line    0x0000000000009035      0xac7 ./Core/Src/usart.o
 .debug_line    0x0000000000009afc      0xa05 ./Core/Src/usb.o
 .debug_line    0x000000000000a501       0x88 ./Core/Startup/startup_stm32l562qeixq.o
 .debug_line    0x000000000000a589      0xc98 ./Drivers/STM32L5xx_HAL_Driver/Src/stm32l5xx_hal.o
 .debug_line    0x000000000000b221     0x1fb8 ./Drivers/STM32L5xx_HAL_Driver/Src/stm32l5xx_hal_adc.o
 .debug_line    0x000000000000d1d9     0x1a2e ./Drivers/STM32L5xx_HAL_Driver/Src/stm32l5xx_hal_adc_ex.o
 .debug_line    0x000000000000ec07      0xe90 ./Drivers/STM32L5xx_HAL_Driver/Src/stm32l5xx_hal_cortex.o
 .debug_line    0x000000000000fa97     0x1fdd ./Drivers/STM32L5xx_HAL_Driver/Src/stm32l5xx_hal_dfsdm.o
 .debug_line    0x0000000000011a74      0xcdf ./Drivers/STM32L5xx_HAL_Driver/Src/stm32l5xx_hal_gpio.o
 .debug_line    0x0000000000012753     0x344e ./Drivers/STM32L5xx_HAL_Driver/Src/stm32l5xx_hal_i2c.o
 .debug_line    0x0000000000015ba1      0xaab ./Drivers/STM32L5xx_HAL_Driver/Src/stm32l5xx_hal_i2c_ex.o
 .debug_line    0x000000000001664c     0x169d ./Drivers/STM32L5xx_HAL_Driver/Src/stm32l5xx_hal_ospi.o
 .debug_line    0x0000000000017ce9     0x1444 ./Drivers/STM32L5xx_HAL_Driver/Src/stm32l5xx_hal_pcd.o
 .debug_line    0x000000000001912d      0xa02 ./Drivers/STM32L5xx_HAL_Driver/Src/stm32l5xx_hal_pcd_ex.o
 .debug_line    0x0000000000019b2f      0xac1 ./Drivers/STM32L5xx_HAL_Driver/Src/stm32l5xx_hal_pwr.o
 .debug_line    0x000000000001a5f0     0x104c ./Drivers/STM32L5xx_HAL_Driver/Src/stm32l5xx_hal_pwr_ex.o
 .debug_line    0x000000000001b63c     0x13d2 ./Drivers/STM32L5xx_HAL_Driver/Src/stm32l5xx_hal_rcc.o
 .debug_line    0x000000000001ca0e     0x1cf0 ./Drivers/STM32L5xx_HAL_Driver/Src/stm32l5xx_hal_rcc_ex.o
 .debug_line    0x000000000001e6fe     0x1d55 ./Drivers/STM32L5xx_HAL_Driver/Src/stm32l5xx_hal_sai.o
 .debug_line    0x0000000000020453     0x20a6 ./Drivers/STM32L5xx_HAL_Driver/Src/stm32l5xx_hal_spi.o
 .debug_line    0x00000000000224f9      0xe9e ./Drivers/STM32L5xx_HAL_Driver/Src/stm32l5xx_hal_sram.o
 .debug_line    0x0000000000023397     0x3e13 ./Drivers/STM32L5xx_HAL_Driver/Src/stm32l5xx_hal_tim.o
 .debug_line    0x00000000000271aa     0x1e57 ./Drivers/STM32L5xx_HAL_Driver/Src/stm32l5xx_hal_tim_ex.o
 .debug_line    0x0000000000029001     0x22cb ./Drivers/STM32L5xx_HAL_Driver/Src/stm32l5xx_hal_uart.o
 .debug_line    0x000000000002b2cc      0xe29 ./Drivers/STM32L5xx_HAL_Driver/Src/stm32l5xx_hal_uart_ex.o
 .debug_line    0x000000000002c0f5      0xb17 ./Drivers/STM32L5xx_HAL_Driver/Src/stm32l5xx_ll_fmc.o
 .debug_line    0x000000000002cc0c      0xbb2 ./Drivers/STM32L5xx_HAL_Driver/Src/stm32l5xx_ll_gpio.o
 .debug_line    0x000000000002d7be     0x11a0 ./Drivers/STM32L5xx_HAL_Driver/Src/stm32l5xx_ll_usb.o
 .debug_line    0x000000000002e95e      0xa0c ./LIB_LED/lib_led.o

.debug_str      0x0000000000000000   0x13ecec
 .debug_str     0x0000000000000000   0x13325f ./Core/Src/adc.o
                                     0x135118 (size before relaxing)
 .debug_str     0x000000000013325f      0x55e ./Core/Src/dfsdm.o
                                     0x1350a0 (size before relaxing)
 .debug_str     0x00000000001337bd      0x2f9 ./Core/Src/fmc.o
                                     0x1350d3 (size before relaxing)
 .debug_str     0x0000000000133ab6       0x68 ./Core/Src/gpio.o
                                     0x134a9e (size before relaxing)
 .debug_str     0x0000000000133b1e      0x2c7 ./Core/Src/i2c.o
                                     0x1353b3 (size before relaxing)
 .debug_str     0x0000000000133de5      0x5da ./Core/Src/main.o